Log file open, 08/26/25 10:58:56
LogWindows: Failed to load 'aqProf.dll' (GetLastError=126)
LogWindows: File 'aqProf.dll' does not exist
LogWindows: Failed to load 'VtuneApi.dll' (GetLastError=126)
LogWindows: File 'VtuneApi.dll' does not exist
LogWindows: Failed to load 'VtuneApi32e.dll' (GetLastError=126)
LogWindows: File 'VtuneApi32e.dll' does not exist
LogConsoleResponse: Display: Failed to find resolution value strings in scalability ini. Falling back to default.
LogConsoleResponse: Display: Failed to find resolution value strings in scalability ini. Falling back to default.
LogInit: Display: Running engine for game: workdemo
LogPlatformFile: Not using cached read wrapper
LogTaskGraph: Started task graph with 5 named threads and 59 total threads with 3 sets of task threads.
LogStats: Stats thread started at 0.355197
LogICUInternationalization: ICU TimeZone Detection - Raw Offset: +8:00, Platform Override: ''
LogInit: Display: Loading text-based GConfig....
LogPluginManager: Mounting plugin MeshPainting
LogPluginManager: Mounting plugin XGEController
LogPluginManager: Mounting plugin Paper2D
LogPluginManager: Mounting plugin EnvironmentQueryEditor
LogPluginManager: Mounting plugin AISupport
LogPluginManager: Mounting plugin LiveLink
LogPluginManager: Mounting plugin LightPropagationVolume
LogPluginManager: Mounting plugin AnimationSharing
LogPluginManager: Mounting plugin CLionSourceCodeAccess
LogPluginManager: Mounting plugin CodeLiteSourceCodeAccess
LogPluginManager: Mounting plugin NullSourceCodeAccess
LogPluginManager: Mounting plugin GitSourceControl
LogPluginManager: Mounting plugin KDevelopSourceCodeAccess
LogPluginManager: Mounting plugin PerforceSourceControl
LogPluginManager: Mounting plugin OodleNetwork
LogPluginManager: Mounting plugin GameplayCameras
LogPluginManager: Mounting plugin CameraShakePreviewer
LogPluginManager: Mounting plugin PixWinPlugin
LogPluginManager: Mounting plugin OodleData
LogPluginManager: Mounting plugin PluginUtils
LogPluginManager: Mounting plugin AlembicImporter
LogPluginManager: Mounting plugin AutomationUtils
LogPluginManager: Mounting plugin PropertyAccessNode
LogPluginManager: Mounting plugin PlasticSourceControl
LogPluginManager: Mounting plugin VisualStudioSourceCodeAccess
LogPluginManager: Mounting plugin UObjectPlugin
LogPluginManager: Mounting plugin SubversionSourceControl
LogPluginManager: Mounting plugin RiderSourceCodeAccess
LogPluginManager: Mounting plugin TextureFormatOodle
LogPluginManager: Mounting plugin BackChannel
LogPluginManager: Mounting plugin XCodeSourceCodeAccess
LogPluginManager: Mounting plugin VisualStudioCodeSourceCodeAccess
LogPluginManager: Mounting plugin ChaosCloth
LogPluginManager: Mounting plugin ChaosClothEditor
LogPluginManager: Mounting plugin ChaosSolverPlugin
LogPluginManager: Mounting plugin ChaosEditor
LogPluginManager: Mounting plugin ChaosNiagara
LogPluginManager: Mounting plugin CharacterAI
LogPluginManager: Mounting plugin GeometryProcessing
LogPluginManager: Mounting plugin GeometryCollectionPlugin
LogPluginManager: Mounting plugin GeometryCache
LogPluginManager: Mounting plugin MotoSynth
LogPluginManager: Mounting plugin OpenImageDenoise
LogPluginManager: Mounting plugin PlanarCut
LogPluginManager: Mounting plugin ProxyLODPlugin
LogPluginManager: Mounting plugin PlatformCrypto
LogPluginManager: Mounting plugin PythonScriptPlugin
LogPluginManager: Mounting plugin AssetManagerEditor
LogPluginManager: Mounting plugin SkeletalReduction
LogPluginManager: Mounting plugin CryptoKeys
LogPluginManager: Mounting plugin CurveEditorTools
LogPluginManager: Mounting plugin DataValidation
LogPluginManager: Mounting plugin MagicLeap
LogPluginManager: Mounting plugin LuminPlatformFeatures
LogPluginManager: Mounting plugin GeometryMode
LogPluginManager: Mounting plugin GameplayTagsEditor
LogPluginManager: Mounting plugin PluginBrowser
LogPluginManager: Mounting plugin MobileLauncherProfileWizard
LogPluginManager: Mounting plugin MaterialAnalyzer
LogPluginManager: Mounting plugin MacGraphicsSwitching
LogPluginManager: Mounting plugin FacialAnimation
LogPluginManager: Mounting plugin SpeedTreeImporter
LogPluginManager: Mounting plugin MagicLeapPassableWorld
LogPluginManager: Mounting plugin MLSDK
LogPluginManager: Mounting plugin DatasmithContent
LogPluginManager: Mounting plugin MagicLeapLightEstimation
LogPluginManager: Mounting plugin MagicLeapMedia
LogPluginManager: Mounting plugin PaperZD
LogPluginManager: Mounting plugin Niagara
LogPluginManager: Mounting plugin VariantManagerContent
LogPluginManager: Mounting plugin AndroidMedia
LogPluginManager: Mounting plugin AvfMedia
LogPluginManager: Mounting plugin TcpMessaging
LogPluginManager: Mounting plugin UdpMessaging
LogPluginManager: Mounting plugin MediaCompositing
LogPluginManager: Mounting plugin ImgMedia
LogPluginManager: Mounting plugin MediaPlayerEditor
LogPluginManager: Mounting plugin WmfMedia
LogPluginManager: Mounting plugin WebMMedia
LogPluginManager: Mounting plugin OnlineSubsystem
LogPluginManager: Mounting plugin ActorSequence
LogPluginManager: Mounting plugin MatineeToLevelSequence
LogPluginManager: Mounting plugin LevelSequenceEditor
LogPluginManager: Mounting plugin OnlineSubsystemNull
LogPluginManager: Mounting plugin TemplateSequence
LogPluginManager: Mounting plugin OnlineSubsystemUtils
LogPluginManager: Mounting plugin ActorLayerUtilities
LogPluginManager: Mounting plugin AndroidDeviceProfileSelector
LogPluginManager: Mounting plugin AndroidMoviePlayer
LogPluginManager: Mounting plugin AppleImageUtils
LogPluginManager: Mounting plugin AndroidPermission
LogPluginManager: Mounting plugin LauncherChunkInstaller
LogPluginManager: Mounting plugin AppleMoviePlayer
LogPluginManager: Mounting plugin ArchVisCharacter
LogPluginManager: Mounting plugin AssetTags
LogPluginManager: Mounting plugin AudioCapture
LogPluginManager: Mounting plugin CableComponent
LogPluginManager: Mounting plugin AudioSynesthesia
LogPluginManager: Mounting plugin CustomMeshComponent
LogPluginManager: Mounting plugin ChunkDownloader
LogPluginManager: Mounting plugin ExampleDeviceProfileSelector
LogPluginManager: Mounting plugin EditableMesh
LogPluginManager: Mounting plugin GoogleCloudMessaging
LogPluginManager: Mounting plugin GooglePAD
LogPluginManager: Mounting plugin IOSDeviceProfileSelector
LogPluginManager: Mounting plugin LinuxDeviceProfileSelector
LogPluginManager: Mounting plugin LocationServicesBPLibrary
LogPluginManager: Mounting plugin ScreenshotTools
LogPluginManager: Mounting plugin MobilePatchingUtils
LogPluginManager: Mounting plugin Takes
LogPluginManager: Mounting plugin OpenXR
LogPluginManager: Mounting plugin OpenXREyeTracker
LogPluginManager: Mounting plugin OpenXRHandTracking
LogPluginManager: Mounting plugin PhysXVehicles
LogPluginManager: Mounting plugin PostSplashScreen
LogPluginManager: Mounting plugin ProceduralMeshComponent
LogPluginManager: Mounting plugin PropertyAccessEditor
LogPluginManager: Mounting plugin SignificanceManager
LogPluginManager: Mounting plugin RuntimePhysXCooking
LogPluginManager: Mounting plugin SoundFields
LogPluginManager: Mounting plugin Synthesis
LogPluginManager: Mounting plugin WebMMoviePlayer
LogPluginManager: Mounting plugin WindowsMoviePlayer
LogPluginManager: Mounting plugin ContentBrowserFileDataSource
LogPluginManager: Mounting plugin ContentBrowserClassDataSource
LogPluginManager: Mounting plugin ContentBrowserAssetDataSource
LogPluginManager: Mounting plugin OnlineSubsystemGooglePlay
LogPluginManager: Mounting plugin OnlineSubsystemIOS
LogPluginManager: Mounting plugin OculusVR
LogPluginManager: Mounting plugin SteamVR
PixWinPlugin: PIX capture plugin failed to initialize! Check that the process is launched from PIX.
LogInit: Using libcurl 7.55.1-DEV
LogInit:  - built for x86_64-pc-win32
LogInit:  - supports SSL with OpenSSL/1.1.1
LogInit:  - supports HTTP deflate (compression) using libz 1.2.8
LogInit:  - other features:
LogInit:      CURL_VERSION_SSL
LogInit:      CURL_VERSION_LIBZ
LogInit:      CURL_VERSION_IPV6
LogInit:      CURL_VERSION_ASYNCHDNS
LogInit:      CURL_VERSION_LARGEFILE
LogInit:      CURL_VERSION_IDN
LogInit:  CurlRequestOptions (configurable via config and command line):
LogInit:  - bVerifyPeer = true  - Libcurl will verify peer certificate
LogInit:  - bUseHttpProxy = true  - Libcurl will use HTTP proxy
LogInit:  - HttpProxyAddress = '127.0.0.1:7890'
LogInit:  - bDontReuseConnections = false  - Libcurl will reuse connections
LogInit:  - MaxHostConnections = 16  - Libcurl will limit the number of connections to a host
LogInit:  - LocalHostAddr = Default
LogInit:  - BufferSize = 65536
LogOnline: OSS: Creating online subsystem instance for: NULL
LogInit: WinSock: version 1.1 (2.2), MaxSocks=32767, MaxUdp=65467
LogOnline: OSS: TryLoadSubsystemAndSetDefault: Loaded subsystem for module [NULL]
LogOculusPluginWrapper: OculusPlugin initialized successfully
LogHMD: Failed initializing OVRPlugin 1.59.0
LogInit: Build: ++UE4+Release-4.27-CL-18319896
LogInit: Engine Version: 4.27.2-18319896+++UE4+Release-4.27
LogInit: Compatible Engine Version: 4.27.0-17155196+++UE4+Release-4.27
LogInit: Net CL: 17155196
LogInit: OS: Windows 10 (Release 2009) (), CPU: 12th Gen Intel(R) Core(TM) i7-12700H, GPU: NVIDIA GeForce RTX 3060 Laptop GPU
LogInit: Compiled (64-bit): Nov 30 2021 07:12:08
LogInit: Compiled with Visual C++: 19.24.28315.00
LogInit: Build Configuration: Development
LogInit: Branch Name: ++UE4+Release-4.27
LogInit: Command Line:  -skipcompile
LogInit: Base Directory: F:/epic/UE_4.27/Engine/Binaries/Win64/
LogInit: Allocator: TBB
LogInit: Installed Engine Build: 1
LogDevObjectVersion: Number of dev versions registered: 29
LogDevObjectVersion:   Dev-Blueprints (B0D832E4-1F89-4F0D-ACCF-7EB736FD4AA2): 10
LogDevObjectVersion:   Dev-Build (E1C64328-A22C-4D53-A36C-8E866417BD8C): 0
LogDevObjectVersion:   Dev-Core (375EC13C-06E4-48FB-B500-84F0262A717E): 4
LogDevObjectVersion:   Dev-Editor (E4B068ED-F494-42E9-A231-DA0B2E46BB41): 40
LogDevObjectVersion:   Dev-Framework (CFFC743F-43B0-4480-9391-14DF171D2073): 37
LogDevObjectVersion:   Dev-Mobile (B02B49B5-BB20-44E9-A304-32B752E40360): 3
LogDevObjectVersion:   Dev-Networking (A4E4105C-59A1-49B5-A7C5-40C4547EDFEE): 0
LogDevObjectVersion:   Dev-Online (39C831C9-5AE6-47DC-9A44-9C173E1C8E7C): 0
LogDevObjectVersion:   Dev-Physics (78F01B33-EBEA-4F98-B9B4-84EACCB95AA2): 14
LogDevObjectVersion:   Dev-Platform (6631380F-2D4D-43E0-8009-CF276956A95A): 0
LogDevObjectVersion:   Dev-Rendering (12F88B9F-8875-4AFC-A67C-D90C383ABD29): 45
LogDevObjectVersion:   Dev-Sequencer (7B5AE74C-D270-4C10-A958-57980B212A5A): 13
LogDevObjectVersion:   Dev-VR (D7296918-1DD6-4BDD-9DE2-64A83CC13884): 3
LogDevObjectVersion:   Dev-LoadTimes (C2A15278-BFE7-4AFE-6C17-90FF531DF755): 1
LogDevObjectVersion:   Private-Geometry (6EACA3D4-40EC-4CC1-B786-8BED09428FC5): 3
LogDevObjectVersion:   Dev-AnimPhys (29E575DD-E0A3-4627-9D10-D276232CDCEA): 17
LogDevObjectVersion:   Dev-Anim (AF43A65D-7FD3-4947-9873-3E8ED9C1BB05): 15
LogDevObjectVersion:   Dev-ReflectionCapture (6B266CEC-1EC7-4B8F-A30B-E4D90942FC07): 1
LogDevObjectVersion:   Dev-Automation (0DF73D61-A23F-47EA-B727-89E90C41499A): 1
LogDevObjectVersion:   FortniteMain (601D1886-AC64-4F84-AA16-D3DE0DEAC7D6): 47
LogDevObjectVersion:   FortniteRelease (E7086368-6B23-4C58-8439-1B7016265E91): 1
LogDevObjectVersion:   Dev-Enterprise (9DFFBCD6-494F-0158-E221-12823C92A888): 10
LogDevObjectVersion:   Dev-Niagara (F2AED0AC-9AFE-416F-8664-AA7FFA26D6FC): 1
LogDevObjectVersion:   Dev-Destruction (174F1F0B-B4C6-45A5-B13F-2EE8D0FB917D): 10
LogDevObjectVersion:   Dev-Physics-Ext (35F94A83-E258-406C-A318-09F59610247C): 41
LogDevObjectVersion:   Dev-PhysicsMaterial-Chaos (B68FC16E-8B1B-42E2-B453-215C058844FE): 1
LogDevObjectVersion:   Dev-CineCamera (B2E18506-4273-CFC2-A54E-F4BB758BBA07): 1
LogDevObjectVersion:   Dev-VirtualProduction (64F58936-FD1B-42BA-BA96-7289D5D0FA4E): 1
LogDevObjectVersion:   Dev-MediaFramework (6F0ED827-A609-4895-9C91-998D90180EA4): 2
LogInit: Presizing for max 25165824 objects, including 0 objects not considered by GC, pre-allocating 0 bytes for permanent pool.
LogConfig: Applying CVar settings from Section [/Script/Engine.StreamingSettings] File [E:/programs/UE4_learn/workdemo/Saved/Config/Windows/Engine.ini]
LogConfig: Setting CVar [[s.MinBulkDataSizeForAsyncLoading:131072]]
LogConfig: Setting CVar [[s.AsyncLoadingThreadEnabled:0]]
LogConfig: Setting CVar [[s.EventDrivenLoaderEnabled:1]]
LogConfig: Setting CVar [[s.WarnIfTimeLimitExceeded:0]]
LogConfig: Setting CVar [[s.TimeLimitExceededMultiplier:1.5]]
LogConfig: Setting CVar [[s.TimeLimitExceededMinTime:0.005]]
LogConfig: Setting CVar [[s.UseBackgroundLevelStreaming:1]]
LogConfig: Setting CVar [[s.PriorityAsyncLoadingExtraTime:15.0]]
LogConfig: Setting CVar [[s.LevelStreamingActorsUpdateTimeLimit:5.0]]
LogConfig: Setting CVar [[s.PriorityLevelStreamingActorsUpdateExtraTime:5.0]]
LogConfig: Setting CVar [[s.LevelStreamingComponentsRegistrationGranularity:10]]
LogConfig: Setting CVar [[s.UnregisterComponentsTimeLimit:1.0]]
LogConfig: Setting CVar [[s.LevelStreamingComponentsUnregistrationGranularity:5]]
LogConfig: Setting CVar [[s.FlushStreamingOnExit:1]]
LogInit: Object subsystem initialized
LogConfig: Setting CVar [[con.DebugEarlyDefault:1]]
LogConfig: Setting CVar [[r.setres:1280x720]]
[2025.08.26-02.58.56:749][  0]LogConfig: Setting CVar [[r.VSync:0]]
[2025.08.26-02.58.56:749][  0]LogConfig: Setting CVar [[r.RHICmdBypass:0]]
[2025.08.26-02.58.56:749][  0]LogConfig: Applying CVar settings from Section [/Script/Engine.RendererSettings] File [E:/programs/UE4_learn/workdemo/Saved/Config/Windows/Engine.ini]
[2025.08.26-02.58.56:749][  0]LogConfig: Setting CVar [[r.GPUCrashDebugging:0]]
[2025.08.26-02.58.56:749][  0]LogConfig: Setting CVar [[r.DefaultFeature.AntiAliasing:1]]
[2025.08.26-02.58.56:749][  0]LogConfig: Setting CVar [[r.DefaultFeature.MotionBlur:0]]
[2025.08.26-02.58.56:749][  0]LogConfig: Applying CVar settings from Section [/Script/Engine.RendererOverrideSettings] File [E:/programs/UE4_learn/workdemo/Saved/Config/Windows/Engine.ini]
[2025.08.26-02.58.56:749][  0]LogConfig: Applying CVar settings from Section [/Script/Engine.StreamingSettings] File [E:/programs/UE4_learn/workdemo/Saved/Config/Windows/Engine.ini]
[2025.08.26-02.58.56:749][  0]LogConfig: Setting CVar [[s.MinBulkDataSizeForAsyncLoading:131072]]
[2025.08.26-02.58.56:749][  0]LogConfig: Setting CVar [[s.AsyncLoadingThreadEnabled:0]]
[2025.08.26-02.58.56:749][  0]LogConfig: Setting CVar [[s.EventDrivenLoaderEnabled:1]]
[2025.08.26-02.58.56:749][  0]LogConfig: Setting CVar [[s.WarnIfTimeLimitExceeded:0]]
[2025.08.26-02.58.56:749][  0]LogConfig: Setting CVar [[s.TimeLimitExceededMultiplier:1.5]]
[2025.08.26-02.58.56:749][  0]LogConfig: Setting CVar [[s.TimeLimitExceededMinTime:0.005]]
[2025.08.26-02.58.56:749][  0]LogConfig: Setting CVar [[s.UseBackgroundLevelStreaming:1]]
[2025.08.26-02.58.56:749][  0]LogConfig: Setting CVar [[s.PriorityAsyncLoadingExtraTime:15.0]]
[2025.08.26-02.58.56:749][  0]LogConfig: Setting CVar [[s.LevelStreamingActorsUpdateTimeLimit:5.0]]
[2025.08.26-02.58.56:749][  0]LogConfig: Setting CVar [[s.PriorityLevelStreamingActorsUpdateExtraTime:5.0]]
[2025.08.26-02.58.56:749][  0]LogConfig: Setting CVar [[s.LevelStreamingComponentsRegistrationGranularity:10]]
[2025.08.26-02.58.56:750][  0]LogConfig: Setting CVar [[s.UnregisterComponentsTimeLimit:1.0]]
[2025.08.26-02.58.56:750][  0]LogConfig: Setting CVar [[s.LevelStreamingComponentsUnregistrationGranularity:5]]
[2025.08.26-02.58.56:750][  0]LogConfig: Setting CVar [[s.FlushStreamingOnExit:1]]
[2025.08.26-02.58.56:750][  0]LogConfig: Applying CVar settings from Section [/Script/Engine.GarbageCollectionSettings] File [E:/programs/UE4_learn/workdemo/Saved/Config/Windows/Engine.ini]
[2025.08.26-02.58.56:750][  0]LogConfig: Setting CVar [[gc.MaxObjectsNotConsideredByGC:1]]
[2025.08.26-02.58.56:750][  0]LogConfig: Setting CVar [[gc.SizeOfPermanentObjectPool:0]]
[2025.08.26-02.58.56:750][  0]LogConfig: Setting CVar [[gc.FlushStreamingOnGC:0]]
[2025.08.26-02.58.56:750][  0]LogConfig: Setting CVar [[gc.NumRetriesBeforeForcingGC:10]]
[2025.08.26-02.58.56:750][  0]LogConfig: Setting CVar [[gc.AllowParallelGC:1]]
[2025.08.26-02.58.56:750][  0]LogConfig: Setting CVar [[gc.TimeBetweenPurgingPendingKillObjects:61.1]]
[2025.08.26-02.58.56:750][  0]LogConfig: Setting CVar [[gc.MaxObjectsInEditor:25165824]]
[2025.08.26-02.58.56:750][  0]LogConfig: Setting CVar [[gc.IncrementalBeginDestroyEnabled:1]]
[2025.08.26-02.58.56:750][  0]LogConfig: Setting CVar [[gc.CreateGCClusters:1]]
[2025.08.26-02.58.56:750][  0]LogConfig: Setting CVar [[gc.MinGCClusterSize:5]]
[2025.08.26-02.58.56:750][  0]LogConfig: Setting CVar [[gc.ActorClusteringEnabled:0]]
[2025.08.26-02.58.56:750][  0]LogConfig: Setting CVar [[gc.BlueprintClusteringEnabled:0]]
[2025.08.26-02.58.56:750][  0]LogConfig: Setting CVar [[gc.UseDisregardForGCOnDedicatedServers:0]]
[2025.08.26-02.58.56:750][  0]LogConfig: Setting CVar [[gc.MultithreadedDestructionEnabled:1]]
[2025.08.26-02.58.56:750][  0]LogConfig: Applying CVar settings from Section [/Script/Engine.NetworkSettings] File [E:/programs/UE4_learn/workdemo/Saved/Config/Windows/Engine.ini]
[2025.08.26-02.58.56:750][  0]LogConfig: Applying CVar settings from Section [/Script/UnrealEd.CookerSettings] File [E:/programs/UE4_learn/workdemo/Saved/Config/Windows/Engine.ini]
[2025.08.26-02.58.56:794][  0]LogConfig: Applying CVar settings from Section [ViewDistanceQuality@3] File [E:/programs/UE4_learn/workdemo/Saved/Config/Windows/Scalability.ini]
[2025.08.26-02.58.56:794][  0]LogConfig: Setting CVar [[r.SkeletalMeshLODBias:0]]
[2025.08.26-02.58.56:794][  0]LogConfig: Setting CVar [[r.ViewDistanceScale:1.0]]
[2025.08.26-02.58.56:794][  0]LogConfig: Applying CVar settings from Section [AntiAliasingQuality@3] File [E:/programs/UE4_learn/workdemo/Saved/Config/Windows/Scalability.ini]
[2025.08.26-02.58.56:794][  0]LogConfig: Setting CVar [[r.PostProcessAAQuality:4]]
[2025.08.26-02.58.56:794][  0]LogConfig: Applying CVar settings from Section [ShadowQuality@3] File [E:/programs/UE4_learn/workdemo/Saved/Config/Windows/Scalability.ini]
[2025.08.26-02.58.56:794][  0]LogConfig: Setting CVar [[r.LightFunctionQuality:1]]
[2025.08.26-02.58.56:794][  0]LogConfig: Setting CVar [[r.ShadowQuality:5]]
[2025.08.26-02.58.56:794][  0]LogConfig: Setting CVar [[r.Shadow.CSM.MaxCascades:10]]
[2025.08.26-02.58.56:794][  0]LogConfig: Setting CVar [[r.Shadow.MaxResolution:2048]]
[2025.08.26-02.58.56:795][  0]LogConfig: Setting CVar [[r.Shadow.MaxCSMResolution:2048]]
[2025.08.26-02.58.56:795][  0]LogConfig: Setting CVar [[r.Shadow.RadiusThreshold:0.01]]
[2025.08.26-02.58.56:795][  0]LogConfig: Setting CVar [[r.Shadow.DistanceScale:1.0]]
[2025.08.26-02.58.56:795][  0]LogConfig: Setting CVar [[r.Shadow.CSM.TransitionScale:1.0]]
[2025.08.26-02.58.56:795][  0]LogConfig: Setting CVar [[r.Shadow.PreShadowResolutionFactor:1.0]]
[2025.08.26-02.58.56:795][  0]LogConfig: Setting CVar [[r.DistanceFieldShadowing:1]]
[2025.08.26-02.58.56:795][  0]LogConfig: Setting CVar [[r.DistanceFieldAO:1]]
[2025.08.26-02.58.56:795][  0]LogConfig: Setting CVar [[r.AOQuality:2]]
[2025.08.26-02.58.56:795][  0]LogConfig: Setting CVar [[r.VolumetricFog:1]]
[2025.08.26-02.58.56:795][  0]LogConfig: Setting CVar [[r.VolumetricFog.GridPixelSize:8]]
[2025.08.26-02.58.56:795][  0]LogConfig: Setting CVar [[r.VolumetricFog.GridSizeZ:128]]
[2025.08.26-02.58.56:795][  0]LogConfig: Setting CVar [[r.VolumetricFog.HistoryMissSupersampleCount:4]]
[2025.08.26-02.58.56:795][  0]LogConfig: Setting CVar [[r.LightMaxDrawDistanceScale:1]]
[2025.08.26-02.58.56:795][  0]LogConfig: Setting CVar [[r.CapsuleShadows:1]]
[2025.08.26-02.58.56:795][  0]LogConfig: Applying CVar settings from Section [PostProcessQuality@3] File [E:/programs/UE4_learn/workdemo/Saved/Config/Windows/Scalability.ini]
[2025.08.26-02.58.56:796][  0]LogConfig: Setting CVar [[r.MotionBlurQuality:4]]
[2025.08.26-02.58.56:796][  0]LogConfig: Setting CVar [[r.AmbientOcclusionMipLevelFactor:0.4]]
[2025.08.26-02.58.56:796][  0]LogConfig: Setting CVar [[r.AmbientOcclusionMaxQuality:100]]
[2025.08.26-02.58.56:796][  0]LogConfig: Setting CVar [[r.AmbientOcclusionLevels:-1]]
[2025.08.26-02.58.56:796][  0]LogConfig: Setting CVar [[r.AmbientOcclusionRadiusScale:1.0]]
[2025.08.26-02.58.56:796][  0]LogConfig: Setting CVar [[r.DepthOfFieldQuality:2]]
[2025.08.26-02.58.56:796][  0]LogConfig: Setting CVar [[r.RenderTargetPoolMin:400]]
[2025.08.26-02.58.56:796][  0]LogConfig: Setting CVar [[r.LensFlareQuality:2]]
[2025.08.26-02.58.56:796][  0]LogConfig: Setting CVar [[r.SceneColorFringeQuality:1]]
[2025.08.26-02.58.56:796][  0]LogConfig: Setting CVar [[r.EyeAdaptationQuality:2]]
[2025.08.26-02.58.56:796][  0]LogConfig: Setting CVar [[r.BloomQuality:5]]
[2025.08.26-02.58.56:796][  0]LogConfig: Setting CVar [[r.FastBlurThreshold:100]]
[2025.08.26-02.58.56:796][  0]LogConfig: Setting CVar [[r.Upscale.Quality:3]]
[2025.08.26-02.58.56:796][  0]LogConfig: Setting CVar [[r.Tonemapper.GrainQuantization:1]]
[2025.08.26-02.58.56:796][  0]LogConfig: Setting CVar [[r.LightShaftQuality:1]]
[2025.08.26-02.58.56:796][  0]LogConfig: Setting CVar [[r.Filter.SizeScale:1]]
[2025.08.26-02.58.56:796][  0]LogConfig: Setting CVar [[r.Tonemapper.Quality:5]]
[2025.08.26-02.58.56:796][  0]LogConfig: Setting CVar [[r.DOF.Gather.AccumulatorQuality:1        ; higher gathering accumulator quality]]
[2025.08.26-02.58.56:796][  0]LogConfig: Setting CVar [[r.DOF.Gather.PostfilterMethod:1          ; Median3x3 postfilering method]]
[2025.08.26-02.58.56:796][  0]LogConfig: Setting CVar [[r.DOF.Gather.EnableBokehSettings:0       ; no bokeh simulation when gathering]]
[2025.08.26-02.58.56:796][  0]LogConfig: Setting CVar [[r.DOF.Gather.RingCount:4                 ; medium number of samples when gathering]]
[2025.08.26-02.58.56:796][  0]LogConfig: Setting CVar [[r.DOF.Scatter.ForegroundCompositing:1    ; additive foreground scattering]]
[2025.08.26-02.58.56:797][  0]LogConfig: Setting CVar [[r.DOF.Scatter.BackgroundCompositing:2    ; additive background scattering]]
[2025.08.26-02.58.56:797][  0]LogConfig: Setting CVar [[r.DOF.Scatter.EnableBokehSettings:1      ; bokeh simulation when scattering]]
[2025.08.26-02.58.56:797][  0]LogConfig: Setting CVar [[r.DOF.Scatter.MaxSpriteRatio:0.1         ; only a maximum of 10% of scattered bokeh]]
[2025.08.26-02.58.56:797][  0]LogConfig: Setting CVar [[r.DOF.Recombine.Quality:1                ; cheap slight out of focus]]
[2025.08.26-02.58.56:797][  0]LogConfig: Setting CVar [[r.DOF.Recombine.EnableBokehSettings:0    ; no bokeh simulation on slight out of focus]]
[2025.08.26-02.58.56:797][  0]LogConfig: Setting CVar [[r.DOF.TemporalAAQuality:1                ; more stable temporal accumulation]]
[2025.08.26-02.58.56:797][  0]LogConfig: Setting CVar [[r.DOF.Kernel.MaxForegroundRadius:0.025]]
[2025.08.26-02.58.56:797][  0]LogConfig: Setting CVar [[r.DOF.Kernel.MaxBackgroundRadius:0.025]]
[2025.08.26-02.58.56:797][  0]LogConfig: Applying CVar settings from Section [TextureQuality@3] File [E:/programs/UE4_learn/workdemo/Saved/Config/Windows/Scalability.ini]
[2025.08.26-02.58.56:797][  0]LogConfig: Setting CVar [[r.Streaming.MipBias:0]]
[2025.08.26-02.58.56:797][  0]LogConfig: Setting CVar [[r.Streaming.AmortizeCPUToGPUCopy:0]]
[2025.08.26-02.58.56:797][  0]LogConfig: Setting CVar [[r.Streaming.MaxNumTexturesToStreamPerFrame:0]]
[2025.08.26-02.58.56:797][  0]LogConfig: Setting CVar [[r.Streaming.Boost:1]]
[2025.08.26-02.58.56:797][  0]LogConfig: Setting CVar [[r.MaxAnisotropy:8]]
[2025.08.26-02.58.56:797][  0]LogConfig: Setting CVar [[r.VT.MaxAnisotropy:8]]
[2025.08.26-02.58.56:797][  0]LogConfig: Setting CVar [[r.Streaming.LimitPoolSizeToVRAM:0]]
[2025.08.26-02.58.56:797][  0]LogConfig: Setting CVar [[r.Streaming.PoolSize:1000]]
[2025.08.26-02.58.56:797][  0]LogConfig: Setting CVar [[r.Streaming.MaxEffectiveScreenSize:0]]
[2025.08.26-02.58.56:797][  0]LogConfig: Applying CVar settings from Section [EffectsQuality@3] File [E:/programs/UE4_learn/workdemo/Saved/Config/Windows/Scalability.ini]
[2025.08.26-02.58.56:797][  0]LogConfig: Setting CVar [[r.TranslucencyLightingVolumeDim:64]]
[2025.08.26-02.58.56:797][  0]LogConfig: Setting CVar [[r.RefractionQuality:2]]
[2025.08.26-02.58.56:797][  0]LogConfig: Setting CVar [[r.SSR.Quality:3]]
[2025.08.26-02.58.56:797][  0]LogConfig: Setting CVar [[r.SSR.HalfResSceneColor:0]]
[2025.08.26-02.58.56:798][  0]LogConfig: Setting CVar [[r.SceneColorFormat:4]]
[2025.08.26-02.58.56:798][  0]LogConfig: Setting CVar [[r.DetailMode:2]]
[2025.08.26-02.58.56:798][  0]LogConfig: Setting CVar [[r.TranslucencyVolumeBlur:1]]
[2025.08.26-02.58.56:798][  0]LogConfig: Setting CVar [[r.MaterialQualityLevel:1 ; High quality]]
[2025.08.26-02.58.56:798][  0]LogConfig: Setting CVar [[r.AnisotropicMaterials:1]]
[2025.08.26-02.58.56:798][  0]LogConfig: Setting CVar [[r.SSS.Scale:1]]
[2025.08.26-02.58.56:798][  0]LogConfig: Setting CVar [[r.SSS.SampleSet:2]]
[2025.08.26-02.58.56:798][  0]LogConfig: Setting CVar [[r.SSS.Quality:1]]
[2025.08.26-02.58.56:798][  0]LogConfig: Setting CVar [[r.SSS.HalfRes:0]]
[2025.08.26-02.58.56:798][  0]LogConfig: Setting CVar [[r.SSGI.Quality:3]]
[2025.08.26-02.58.56:798][  0]LogConfig: Setting CVar [[r.EmitterSpawnRateScale:1.0]]
[2025.08.26-02.58.56:798][  0]LogConfig: Setting CVar [[r.ParticleLightQuality:2]]
[2025.08.26-02.58.56:798][  0]LogConfig: Setting CVar [[r.SkyAtmosphere.AerialPerspectiveLUT.FastApplyOnOpaque:1 ; Always have FastSkyLUT 1 in this case to avoid wrong sky]]
[2025.08.26-02.58.56:798][  0]LogConfig: Setting CVar [[r.SkyAtmosphere.AerialPerspectiveLUT.SampleCountMaxPerSlice:4]]
[2025.08.26-02.58.56:798][  0]LogConfig: Setting CVar [[r.SkyAtmosphere.AerialPerspectiveLUT.DepthResolution:16.0]]
[2025.08.26-02.58.56:798][  0]LogConfig: Setting CVar [[r.SkyAtmosphere.FastSkyLUT:1]]
[2025.08.26-02.58.56:798][  0]LogConfig: Setting CVar [[r.SkyAtmosphere.FastSkyLUT.SampleCountMin:4.0]]
[2025.08.26-02.58.56:798][  0]LogConfig: Setting CVar [[r.SkyAtmosphere.FastSkyLUT.SampleCountMax:128.0]]
[2025.08.26-02.58.56:798][  0]LogConfig: Setting CVar [[r.SkyAtmosphere.SampleCountMin:4.0]]
[2025.08.26-02.58.56:798][  0]LogConfig: Setting CVar [[r.SkyAtmosphere.SampleCountMax:128.0]]
[2025.08.26-02.58.56:798][  0]LogConfig: Setting CVar [[r.SkyAtmosphere.TransmittanceLUT.UseSmallFormat:0]]
[2025.08.26-02.58.56:798][  0]LogConfig: Setting CVar [[r.SkyAtmosphere.TransmittanceLUT.SampleCount:10.0]]
[2025.08.26-02.58.56:798][  0]LogConfig: Setting CVar [[r.SkyAtmosphere.MultiScatteringLUT.SampleCount:15.0]]
[2025.08.26-02.58.56:798][  0]LogConfig: Setting CVar [[r.SkyLight.RealTimeReflectionCapture:1]]
[2025.08.26-02.58.56:799][  0]LogConfig: Applying CVar settings from Section [FoliageQuality@3] File [E:/programs/UE4_learn/workdemo/Saved/Config/Windows/Scalability.ini]
[2025.08.26-02.58.56:799][  0]LogConfig: Setting CVar [[foliage.DensityScale:1.0]]
[2025.08.26-02.58.56:799][  0]LogConfig: Setting CVar [[grass.DensityScale:1.0]]
[2025.08.26-02.58.56:799][  0]LogConfig: Applying CVar settings from Section [ShadingQuality@3] File [E:/programs/UE4_learn/workdemo/Saved/Config/Windows/Scalability.ini]
[2025.08.26-02.58.56:799][  0]LogConfig: Setting CVar [[r.HairStrands.SkyLighting.IntegrationType:2]]
[2025.08.26-02.58.56:799][  0]LogConfig: Setting CVar [[r.HairStrands.SkyAO.SampleCount:4]]
[2025.08.26-02.58.56:799][  0]LogConfig: Setting CVar [[r.HairStrands.Visibility.MSAA.SamplePerPixel:4]]
[2025.08.26-02.58.56:799][  0]LogInit: Selected Device Profile: [Windows]
[2025.08.26-02.58.56:799][  0]LogInit: Applying CVar settings loaded from the selected device profile: [Windows]
[2025.08.26-02.58.56:799][  0]LogHAL: Display: Platform has ~ 16 GB [16870006784 / 17179869184 / 16], which maps to Larger [LargestMinGB=32, LargerMinGB=12, DefaultMinGB=8, SmallerMinGB=6, SmallestMinGB=0)
[2025.08.26-02.58.56:799][  0]LogInit: Going up to parent DeviceProfile []
[2025.08.26-02.58.56:799][  0]LogConfig: Applying CVar settings from Section [ViewDistanceQuality@3] File [E:/programs/UE4_learn/workdemo/Saved/Config/Windows/Scalability.ini]
[2025.08.26-02.58.56:799][  0]LogConfig: Setting CVar [[r.SkeletalMeshLODBias:0]]
[2025.08.26-02.58.56:799][  0]LogConfig: Setting CVar [[r.ViewDistanceScale:1.0]]
[2025.08.26-02.58.56:799][  0]LogConfig: Applying CVar settings from Section [AntiAliasingQuality@3] File [E:/programs/UE4_learn/workdemo/Saved/Config/Windows/Scalability.ini]
[2025.08.26-02.58.56:799][  0]LogConfig: Setting CVar [[r.PostProcessAAQuality:4]]
[2025.08.26-02.58.56:799][  0]LogConfig: Applying CVar settings from Section [ShadowQuality@3] File [E:/programs/UE4_learn/workdemo/Saved/Config/Windows/Scalability.ini]
[2025.08.26-02.58.56:799][  0]LogConfig: Setting CVar [[r.LightFunctionQuality:1]]
[2025.08.26-02.58.56:799][  0]LogConfig: Setting CVar [[r.ShadowQuality:5]]
[2025.08.26-02.58.56:800][  0]LogConfig: Setting CVar [[r.Shadow.CSM.MaxCascades:10]]
[2025.08.26-02.58.56:800][  0]LogConfig: Setting CVar [[r.Shadow.MaxResolution:2048]]
[2025.08.26-02.58.56:800][  0]LogConfig: Setting CVar [[r.Shadow.MaxCSMResolution:2048]]
[2025.08.26-02.58.56:800][  0]LogConfig: Setting CVar [[r.Shadow.RadiusThreshold:0.01]]
[2025.08.26-02.58.56:800][  0]LogConfig: Setting CVar [[r.Shadow.DistanceScale:1.0]]
[2025.08.26-02.58.56:800][  0]LogConfig: Setting CVar [[r.Shadow.CSM.TransitionScale:1.0]]
[2025.08.26-02.58.56:800][  0]LogConfig: Setting CVar [[r.Shadow.PreShadowResolutionFactor:1.0]]
[2025.08.26-02.58.56:800][  0]LogConfig: Setting CVar [[r.DistanceFieldShadowing:1]]
[2025.08.26-02.58.56:800][  0]LogConfig: Setting CVar [[r.DistanceFieldAO:1]]
[2025.08.26-02.58.56:800][  0]LogConfig: Setting CVar [[r.AOQuality:2]]
[2025.08.26-02.58.56:800][  0]LogConfig: Setting CVar [[r.VolumetricFog:1]]
[2025.08.26-02.58.56:800][  0]LogConfig: Setting CVar [[r.VolumetricFog.GridPixelSize:8]]
[2025.08.26-02.58.56:800][  0]LogConfig: Setting CVar [[r.VolumetricFog.GridSizeZ:128]]
[2025.08.26-02.58.56:800][  0]LogConfig: Setting CVar [[r.VolumetricFog.HistoryMissSupersampleCount:4]]
[2025.08.26-02.58.56:800][  0]LogConfig: Setting CVar [[r.LightMaxDrawDistanceScale:1]]
[2025.08.26-02.58.56:800][  0]LogConfig: Setting CVar [[r.CapsuleShadows:1]]
[2025.08.26-02.58.56:800][  0]LogConfig: Applying CVar settings from Section [PostProcessQuality@3] File [E:/programs/UE4_learn/workdemo/Saved/Config/Windows/Scalability.ini]
[2025.08.26-02.58.56:800][  0]LogConfig: Setting CVar [[r.MotionBlurQuality:4]]
[2025.08.26-02.58.56:800][  0]LogConfig: Setting CVar [[r.AmbientOcclusionMipLevelFactor:0.4]]
[2025.08.26-02.58.56:800][  0]LogConfig: Setting CVar [[r.AmbientOcclusionMaxQuality:100]]
[2025.08.26-02.58.56:801][  0]LogConfig: Setting CVar [[r.AmbientOcclusionLevels:-1]]
[2025.08.26-02.58.56:801][  0]LogConfig: Setting CVar [[r.AmbientOcclusionRadiusScale:1.0]]
[2025.08.26-02.58.56:801][  0]LogConfig: Setting CVar [[r.DepthOfFieldQuality:2]]
[2025.08.26-02.58.56:801][  0]LogConfig: Setting CVar [[r.RenderTargetPoolMin:400]]
[2025.08.26-02.58.56:801][  0]LogConfig: Setting CVar [[r.LensFlareQuality:2]]
[2025.08.26-02.58.56:801][  0]LogConfig: Setting CVar [[r.SceneColorFringeQuality:1]]
[2025.08.26-02.58.56:801][  0]LogConfig: Setting CVar [[r.EyeAdaptationQuality:2]]
[2025.08.26-02.58.56:801][  0]LogConfig: Setting CVar [[r.BloomQuality:5]]
[2025.08.26-02.58.56:801][  0]LogConfig: Setting CVar [[r.FastBlurThreshold:100]]
[2025.08.26-02.58.56:801][  0]LogConfig: Setting CVar [[r.Upscale.Quality:3]]
[2025.08.26-02.58.56:801][  0]LogConfig: Setting CVar [[r.Tonemapper.GrainQuantization:1]]
[2025.08.26-02.58.56:801][  0]LogConfig: Setting CVar [[r.LightShaftQuality:1]]
[2025.08.26-02.58.56:801][  0]LogConfig: Setting CVar [[r.Filter.SizeScale:1]]
[2025.08.26-02.58.56:801][  0]LogConfig: Setting CVar [[r.Tonemapper.Quality:5]]
[2025.08.26-02.58.56:801][  0]LogConfig: Setting CVar [[r.DOF.Gather.AccumulatorQuality:1        ; higher gathering accumulator quality]]
[2025.08.26-02.58.56:801][  0]LogConfig: Setting CVar [[r.DOF.Gather.PostfilterMethod:1          ; Median3x3 postfilering method]]
[2025.08.26-02.58.56:801][  0]LogConfig: Setting CVar [[r.DOF.Gather.EnableBokehSettings:0       ; no bokeh simulation when gathering]]
[2025.08.26-02.58.56:801][  0]LogConfig: Setting CVar [[r.DOF.Gather.RingCount:4                 ; medium number of samples when gathering]]
[2025.08.26-02.58.56:801][  0]LogConfig: Setting CVar [[r.DOF.Scatter.ForegroundCompositing:1    ; additive foreground scattering]]
[2025.08.26-02.58.56:801][  0]LogConfig: Setting CVar [[r.DOF.Scatter.BackgroundCompositing:2    ; additive background scattering]]
[2025.08.26-02.58.56:801][  0]LogConfig: Setting CVar [[r.DOF.Scatter.EnableBokehSettings:1      ; bokeh simulation when scattering]]
[2025.08.26-02.58.56:801][  0]LogConfig: Setting CVar [[r.DOF.Scatter.MaxSpriteRatio:0.1         ; only a maximum of 10% of scattered bokeh]]
[2025.08.26-02.58.56:802][  0]LogConfig: Setting CVar [[r.DOF.Recombine.Quality:1                ; cheap slight out of focus]]
[2025.08.26-02.58.56:802][  0]LogConfig: Setting CVar [[r.DOF.Recombine.EnableBokehSettings:0    ; no bokeh simulation on slight out of focus]]
[2025.08.26-02.58.56:802][  0]LogConfig: Setting CVar [[r.DOF.TemporalAAQuality:1                ; more stable temporal accumulation]]
[2025.08.26-02.58.56:802][  0]LogConfig: Setting CVar [[r.DOF.Kernel.MaxForegroundRadius:0.025]]
[2025.08.26-02.58.56:802][  0]LogConfig: Setting CVar [[r.DOF.Kernel.MaxBackgroundRadius:0.025]]
[2025.08.26-02.58.56:802][  0]LogConfig: Applying CVar settings from Section [TextureQuality@3] File [E:/programs/UE4_learn/workdemo/Saved/Config/Windows/Scalability.ini]
[2025.08.26-02.58.56:802][  0]LogConfig: Setting CVar [[r.Streaming.MipBias:0]]
[2025.08.26-02.58.56:802][  0]LogConfig: Setting CVar [[r.Streaming.AmortizeCPUToGPUCopy:0]]
[2025.08.26-02.58.56:802][  0]LogConfig: Setting CVar [[r.Streaming.MaxNumTexturesToStreamPerFrame:0]]
[2025.08.26-02.58.56:802][  0]LogConfig: Setting CVar [[r.Streaming.Boost:1]]
[2025.08.26-02.58.56:802][  0]LogConfig: Setting CVar [[r.MaxAnisotropy:8]]
[2025.08.26-02.58.56:802][  0]LogConfig: Setting CVar [[r.VT.MaxAnisotropy:8]]
[2025.08.26-02.58.56:802][  0]LogConfig: Setting CVar [[r.Streaming.LimitPoolSizeToVRAM:0]]
[2025.08.26-02.58.56:802][  0]LogConfig: Setting CVar [[r.Streaming.PoolSize:1000]]
[2025.08.26-02.58.56:802][  0]LogConfig: Setting CVar [[r.Streaming.MaxEffectiveScreenSize:0]]
[2025.08.26-02.58.56:802][  0]LogConfig: Applying CVar settings from Section [EffectsQuality@3] File [E:/programs/UE4_learn/workdemo/Saved/Config/Windows/Scalability.ini]
[2025.08.26-02.58.56:802][  0]LogConfig: Setting CVar [[r.TranslucencyLightingVolumeDim:64]]
[2025.08.26-02.58.56:802][  0]LogConfig: Setting CVar [[r.RefractionQuality:2]]
[2025.08.26-02.58.56:802][  0]LogConfig: Setting CVar [[r.SSR.Quality:3]]
[2025.08.26-02.58.56:802][  0]LogConfig: Setting CVar [[r.SSR.HalfResSceneColor:0]]
[2025.08.26-02.58.56:802][  0]LogConfig: Setting CVar [[r.SceneColorFormat:4]]
[2025.08.26-02.58.56:802][  0]LogConfig: Setting CVar [[r.DetailMode:2]]
[2025.08.26-02.58.56:802][  0]LogConfig: Setting CVar [[r.TranslucencyVolumeBlur:1]]
[2025.08.26-02.58.56:803][  0]LogConfig: Setting CVar [[r.MaterialQualityLevel:1 ; High quality]]
[2025.08.26-02.58.56:803][  0]LogConfig: Setting CVar [[r.AnisotropicMaterials:1]]
[2025.08.26-02.58.56:803][  0]LogConfig: Setting CVar [[r.SSS.Scale:1]]
[2025.08.26-02.58.56:803][  0]LogConfig: Setting CVar [[r.SSS.SampleSet:2]]
[2025.08.26-02.58.56:803][  0]LogConfig: Setting CVar [[r.SSS.Quality:1]]
[2025.08.26-02.58.56:803][  0]LogConfig: Setting CVar [[r.SSS.HalfRes:0]]
[2025.08.26-02.58.56:803][  0]LogConfig: Setting CVar [[r.SSGI.Quality:3]]
[2025.08.26-02.58.56:803][  0]LogConfig: Setting CVar [[r.EmitterSpawnRateScale:1.0]]
[2025.08.26-02.58.56:803][  0]LogConfig: Setting CVar [[r.ParticleLightQuality:2]]
[2025.08.26-02.58.56:803][  0]LogConfig: Setting CVar [[r.SkyAtmosphere.AerialPerspectiveLUT.FastApplyOnOpaque:1 ; Always have FastSkyLUT 1 in this case to avoid wrong sky]]
[2025.08.26-02.58.56:803][  0]LogConfig: Setting CVar [[r.SkyAtmosphere.AerialPerspectiveLUT.SampleCountMaxPerSlice:4]]
[2025.08.26-02.58.56:803][  0]LogConfig: Setting CVar [[r.SkyAtmosphere.AerialPerspectiveLUT.DepthResolution:16.0]]
[2025.08.26-02.58.56:803][  0]LogConfig: Setting CVar [[r.SkyAtmosphere.FastSkyLUT:1]]
[2025.08.26-02.58.56:803][  0]LogConfig: Setting CVar [[r.SkyAtmosphere.FastSkyLUT.SampleCountMin:4.0]]
[2025.08.26-02.58.56:803][  0]LogConfig: Setting CVar [[r.SkyAtmosphere.FastSkyLUT.SampleCountMax:128.0]]
[2025.08.26-02.58.56:803][  0]LogConfig: Setting CVar [[r.SkyAtmosphere.SampleCountMin:4.0]]
[2025.08.26-02.58.56:803][  0]LogConfig: Setting CVar [[r.SkyAtmosphere.SampleCountMax:128.0]]
[2025.08.26-02.58.56:803][  0]LogConfig: Setting CVar [[r.SkyAtmosphere.TransmittanceLUT.UseSmallFormat:0]]
[2025.08.26-02.58.56:804][  0]LogConfig: Setting CVar [[r.SkyAtmosphere.TransmittanceLUT.SampleCount:10.0]]
[2025.08.26-02.58.56:804][  0]LogConfig: Setting CVar [[r.SkyAtmosphere.MultiScatteringLUT.SampleCount:15.0]]
[2025.08.26-02.58.56:804][  0]LogConfig: Setting CVar [[r.SkyLight.RealTimeReflectionCapture:1]]
[2025.08.26-02.58.56:804][  0]LogConfig: Applying CVar settings from Section [FoliageQuality@3] File [E:/programs/UE4_learn/workdemo/Saved/Config/Windows/Scalability.ini]
[2025.08.26-02.58.56:804][  0]LogConfig: Setting CVar [[foliage.DensityScale:1.0]]
[2025.08.26-02.58.56:804][  0]LogConfig: Setting CVar [[grass.DensityScale:1.0]]
[2025.08.26-02.58.56:804][  0]LogConfig: Applying CVar settings from Section [ShadingQuality@3] File [E:/programs/UE4_learn/workdemo/Saved/Config/Windows/Scalability.ini]
[2025.08.26-02.58.56:804][  0]LogConfig: Setting CVar [[r.HairStrands.SkyLighting.IntegrationType:2]]
[2025.08.26-02.58.56:804][  0]LogConfig: Setting CVar [[r.HairStrands.SkyAO.SampleCount:4]]
[2025.08.26-02.58.56:804][  0]LogConfig: Setting CVar [[r.HairStrands.Visibility.MSAA.SamplePerPixel:4]]
[2025.08.26-02.58.56:804][  0]LogConfig: Applying CVar settings from Section [Startup] File [../../../Engine/Config/ConsoleVariables.ini]
[2025.08.26-02.58.56:804][  0]LogConfig: Setting CVar [[net.UseAdaptiveNetUpdateFrequency:0]]
[2025.08.26-02.58.56:804][  0]LogConfig: Setting CVar [[p.chaos.AllowCreatePhysxBodies:1]]
[2025.08.26-02.58.56:804][  0]LogConfig: Setting CVar [[fx.SkipVectorVMBackendOptimizations:1]]
[2025.08.26-02.58.56:804][  0]LogConfig: Applying CVar settings from Section [ConsoleVariables] File [E:/programs/UE4_learn/workdemo/Saved/Config/Windows/Engine.ini]
[2025.08.26-02.58.56:804][  0]LogConfig: Applying CVar settings from Section [ConsoleVariables] File [E:/programs/UE4_learn/workdemo/Saved/Config/Windows/Editor.ini]
[2025.08.26-02.58.56:804][  0]LogInit: Computer: LALALA
[2025.08.26-02.58.56:804][  0]LogInit: User: appleup
[2025.08.26-02.58.56:805][  0]LogInit: CPU Page size=4096, Cores=14
[2025.08.26-02.58.56:805][  0]LogInit: High frequency timer resolution =10.000000 MHz
[2025.08.26-02.58.56:805][  0]LogMemory: Memory total: Physical=15.7GB (16GB approx)
[2025.08.26-02.58.56:805][  0]LogMemory: Platform Memory Stats for Windows
[2025.08.26-02.58.56:805][  0]LogMemory: Process Physical Memory: 156.46 MB used, 156.46 MB peak
[2025.08.26-02.58.56:805][  0]LogMemory: Process Virtual Memory: 131.22 MB used, 131.22 MB peak
[2025.08.26-02.58.56:805][  0]LogMemory: Physical Memory: 12470.20 MB used,  3618.30 MB free, 16088.49 MB total
[2025.08.26-02.58.56:805][  0]LogMemory: Virtual Memory: 134209792.00 MB used,  7939.10 MB free, 134217728.00 MB total
[2025.08.26-02.58.56:812][  0]LogWindows: WindowsPlatformFeatures enabled
[2025.08.26-02.58.56:897][  0]LogInit: Physics initialised using underlying interface: PhysX
[2025.08.26-02.58.56:898][  0]LogInit: Overriding language with editor language configuration option (en).
[2025.08.26-02.58.56:898][  0]LogInit: Using OS detected locale (zh-Hans-HK).
[2025.08.26-02.58.57:076][  0]LogInit: Setting process to per monitor DPI aware
[2025.08.26-02.58.57:101][  0]LogWindowsTextInputMethodSystem: Display: IME system deactivated.
[2025.08.26-02.58.57:121][  0]LogSlate: New Slate User Created.  User Index 0, Is Virtual User: 0
[2025.08.26-02.58.57:121][  0]LogSlate: Slate User Registered.  User Index 0, Is Virtual User: 0
[2025.08.26-02.58.57:245][  0]LogD3D11RHI: Loaded GFSDK_Aftermath_Lib.x64.dll
[2025.08.26-02.58.57:264][  0]LogHMD: Failed to initialize OpenVR with code 110
[2025.08.26-02.58.57:264][  0]LogD3D11RHI: D3D11 min allowed feature level: 11_0
[2025.08.26-02.58.57:264][  0]LogD3D11RHI: D3D11 max allowed feature level: 11_0
[2025.08.26-02.58.57:264][  0]LogD3D11RHI: D3D11 adapters:
[2025.08.26-02.58.57:452][  0]LogD3D11RHI:    0. 'NVIDIA GeForce RTX 3060 Laptop GPU' (Feature Level 11_0)
[2025.08.26-02.58.57:452][  0]LogD3D11RHI:       5996/0/8044 MB DedicatedVideo/DedicatedSystem/SharedSystem, Outputs:2, VendorId:0x10de
[2025.08.26-02.58.57:459][  0]LogD3D11RHI:    1. 'Microsoft Basic Render Driver' (Feature Level 11_0)
[2025.08.26-02.58.57:459][  0]LogD3D11RHI:       0/0/8044 MB DedicatedVideo/DedicatedSystem/SharedSystem, Outputs:0, VendorId:0x1414
[2025.08.26-02.58.57:586][  0]LogD3D11RHI:    2. 'NVIDIA GeForce RTX 3060 Laptop GPU' (Feature Level 11_0)
[2025.08.26-02.58.57:586][  0]LogD3D11RHI:       5996/0/8044 MB DedicatedVideo/DedicatedSystem/SharedSystem, Outputs:0, VendorId:0x10de
[2025.08.26-02.58.57:725][  0]LogD3D11RHI:    3. 'NVIDIA GeForce RTX 3060 Laptop GPU' (Feature Level 11_0)
[2025.08.26-02.58.57:725][  0]LogD3D11RHI:       5996/0/8044 MB DedicatedVideo/DedicatedSystem/SharedSystem, Outputs:0, VendorId:0x10de
[2025.08.26-02.58.57:725][  0]LogD3D11RHI: Chosen D3D11 Adapter:
[2025.08.26-02.58.57:725][  0]LogD3D11RHI:     Description : NVIDIA GeForce RTX 3060 Laptop GPU
[2025.08.26-02.58.57:725][  0]LogD3D11RHI:     VendorId    : 10de
[2025.08.26-02.58.57:725][  0]LogD3D11RHI:     DeviceId    : 2520
[2025.08.26-02.58.57:725][  0]LogD3D11RHI:     SubSysId    : 159c1025
[2025.08.26-02.58.57:725][  0]LogD3D11RHI:     Revision    : 00a1
[2025.08.26-02.58.57:725][  0]LogD3D11RHI:     DedicatedVideoMemory : 6287261696 bytes
[2025.08.26-02.58.57:725][  0]LogD3D11RHI:     DedicatedSystemMemory : 0 bytes
[2025.08.26-02.58.57:725][  0]LogD3D11RHI:     SharedSystemMemory : 8435003392 bytes
[2025.08.26-02.58.57:725][  0]LogD3D11RHI:     AdapterLuid : 0 80647
[2025.08.26-02.58.57:732][  0]LogD3D11RHI: Creating new Direct3DDevice
[2025.08.26-02.58.57:732][  0]LogD3D11RHI:     GPU DeviceId: 0x2520 (for the marketing name, search the web for "GPU Device Id")
[2025.08.26-02.58.57:732][  0]LogWindows: EnumDisplayDevices:
[2025.08.26-02.58.57:732][  0]LogWindows:    0. 'NVIDIA GeForce RTX 3060 Laptop GPU' (P:0 D:1)
[2025.08.26-02.58.57:732][  0]LogWindows:    1. 'NVIDIA GeForce RTX 3060 Laptop GPU' (P:1 D:1)
[2025.08.26-02.58.57:733][  0]LogWindows:    2. 'NVIDIA GeForce RTX 3060 Laptop GPU' (P:0 D:0)
[2025.08.26-02.58.57:733][  0]LogWindows:    3. 'NVIDIA GeForce RTX 3060 Laptop GPU' (P:0 D:0)
[2025.08.26-02.58.57:733][  0]LogWindows:    4. 'Sharing Monitor' (P:0 D:0)
[2025.08.26-02.58.57:734][  0]LogWindows:    5. 'Virtual MonitorX' (P:0 D:0)
[2025.08.26-02.58.57:734][  0]LogWindows: DebugString: GetVideoDriverDetailsInvalid PrimaryIsNotTheChoosenAdapter GetVideoDriverDetailsInvalid PrimaryIsNotTheChoosenAdapter FoundDriverCount:4 
[2025.08.26-02.58.57:734][  0]LogD3D11RHI:     Adapter Name: NVIDIA GeForce RTX 3060 Laptop GPU
[2025.08.26-02.58.57:734][  0]LogD3D11RHI:   Driver Version: 580.88 (internal:32.0.15.8088, unified:580.88)
[2025.08.26-02.58.57:734][  0]LogD3D11RHI:      Driver Date: 7-27-2025
[2025.08.26-02.58.57:734][  0]LogRHI: Texture pool is 4197 MB (70% of 5996 MB)
[2025.08.26-02.58.57:735][  0]LogD3D11RHI: Creating D3DDevice using adapter:
[2025.08.26-02.58.57:735][  0]LogD3D11RHI:     Description : NVIDIA GeForce RTX 3060 Laptop GPU
[2025.08.26-02.58.57:735][  0]LogD3D11RHI:     VendorId    : 10de
[2025.08.26-02.58.57:735][  0]LogD3D11RHI:     DeviceId    : 2520
[2025.08.26-02.58.57:735][  0]LogD3D11RHI:     SubSysId    : 159c1025
[2025.08.26-02.58.57:735][  0]LogD3D11RHI:     Revision    : 00a1
[2025.08.26-02.58.57:735][  0]LogD3D11RHI:     DedicatedVideoMemory : 6287261696 bytes
[2025.08.26-02.58.57:735][  0]LogD3D11RHI:     DedicatedSystemMemory : 0 bytes
[2025.08.26-02.58.57:735][  0]LogD3D11RHI:     SharedSystemMemory : 8435003392 bytes
[2025.08.26-02.58.57:735][  0]LogD3D11RHI:     AdapterLuid : 0 80647
[2025.08.26-02.58.57:856][  0]LogD3D11RHI: RHI has support for 64 bit atomics
[2025.08.26-02.58.57:856][  0]LogD3D11RHI: Async texture creation enabled
[2025.08.26-02.58.57:856][  0]LogD3D11RHI: Array index from any shader is supported
[2025.08.26-02.58.57:858][  0]LogD3D11RHI: HDR output is supported on display 0 (NvId: 0x80061083).
[2025.08.26-02.58.57:876][  0]LogD3D11RHI: GPU Timing Frequency: 1000.000000 (Debug: 2 2)
[2025.08.26-02.58.57:916][  0]LogRHI: GeForceNow SDK initialized: 1
[2025.08.26-02.58.58:199][  0]LogTargetPlatformManager: Display: Loaded TargetPlatform 'AllDesktop'
[2025.08.26-02.58.58:216][  0]LogTargetPlatformManager: Display: Loaded TargetPlatform 'Android'
[2025.08.26-02.58.58:217][  0]LogTargetPlatformManager: Display: Loaded TargetPlatform 'Android_ASTC'
[2025.08.26-02.58.58:217][  0]LogTargetPlatformManager: Display: Loaded TargetPlatform 'Android_DXT'
[2025.08.26-02.58.58:217][  0]LogTargetPlatformManager: Display: Loaded TargetPlatform 'Android_ETC2'
[2025.08.26-02.58.58:217][  0]LogTargetPlatformManager: Display: Loaded TargetPlatform 'AndroidClient'
[2025.08.26-02.58.58:217][  0]LogTargetPlatformManager: Display: Loaded TargetPlatform 'Android_ASTCClient'
[2025.08.26-02.58.58:217][  0]LogTargetPlatformManager: Display: Loaded TargetPlatform 'Android_DXTClient'
[2025.08.26-02.58.58:217][  0]LogTargetPlatformManager: Display: Loaded TargetPlatform 'Android_ETC2Client'
[2025.08.26-02.58.58:217][  0]LogTargetPlatformManager: Display: Loaded TargetPlatform 'Android_Multi'
[2025.08.26-02.58.58:217][  0]LogTargetPlatformManager: Display: Loaded TargetPlatform 'Android_MultiClient'
[2025.08.26-02.58.58:238][  0]LogTargetPlatformManager: Display: Loaded TargetPlatform 'IOSClient'
[2025.08.26-02.58.58:238][  0]LogTargetPlatformManager: Display: Loaded TargetPlatform 'IOS'
[2025.08.26-02.58.58:246][  0]LogTargetPlatformManager: Display: Loaded TargetPlatform 'Linux'
[2025.08.26-02.58.58:251][  0]LogTargetPlatformManager: Display: Loaded TargetPlatform 'LinuxNoEditor'
[2025.08.26-02.58.58:257][  0]LogTargetPlatformManager: Display: Loaded TargetPlatform 'LinuxClient'
[2025.08.26-02.58.58:262][  0]LogTargetPlatformManager: Display: Loaded TargetPlatform 'LinuxServer'
[2025.08.26-02.58.58:270][  0]LogTargetPlatformManager: Display: Loaded TargetPlatform 'LinuxAArch64NoEditor'
[2025.08.26-02.58.58:275][  0]LogTargetPlatformManager: Display: Loaded TargetPlatform 'LinuxAArch64Client'
[2025.08.26-02.58.58:280][  0]LogTargetPlatformManager: Display: Loaded TargetPlatform 'LinuxAArch64Server'
[2025.08.26-02.58.58:297][  0]LogTargetPlatformManager: Display: Loaded TargetPlatform 'Lumin'
[2025.08.26-02.58.58:297][  0]LogTargetPlatformManager: Display: Loaded TargetPlatform 'LuminClient'
[2025.08.26-02.58.58:306][  0]LogTargetPlatformManager: Display: Loaded TargetPlatform 'MacNoEditor'
[2025.08.26-02.58.58:311][  0]LogTargetPlatformManager: Display: Loaded TargetPlatform 'Mac'
[2025.08.26-02.58.58:317][  0]LogTargetPlatformManager: Display: Loaded TargetPlatform 'MacClient'
[2025.08.26-02.58.58:321][  0]LogTargetPlatformManager: Display: Loaded TargetPlatform 'MacServer'
[2025.08.26-02.58.58:330][  0]LogTargetPlatformManager: Display: Loaded TargetPlatform 'TVOSClient'
[2025.08.26-02.58.58:330][  0]LogTargetPlatformManager: Display: Loaded TargetPlatform 'TVOS'
[2025.08.26-02.58.58:339][  0]LogTargetPlatformManager: Display: Loaded TargetPlatform 'WindowsNoEditor'
[2025.08.26-02.58.58:344][  0]LogTargetPlatformManager: Display: Loaded TargetPlatform 'Windows'
[2025.08.26-02.58.58:349][  0]LogTargetPlatformManager: Display: Loaded TargetPlatform 'WindowsClient'
[2025.08.26-02.58.58:354][  0]LogTargetPlatformManager: Display: Loaded TargetPlatform 'WindowsServer'
[2025.08.26-02.58.58:354][  0]LogTargetPlatformManager: Display: Building Assets For Windows
[2025.08.26-02.58.58:365][  0]LogAudioDebug: Display: Lib vorbis DLL was dynamically loaded.
[2025.08.26-02.58.58:404][  0]LogTextureFormatOodle: Display: Oodle Texture 2.9.0 init RDO Off
[2025.08.26-02.58.58:456][  0]LogRendererCore: Ray tracing is disabled. Reason: r.RayTracing=0.
[2025.08.26-02.58.58:456][  0]LogShaderCompilers: Guid format shader working directory is 16 characters bigger than the processId version (E:/programs/UE4_learn/workdemo/Intermediate/Shaders/WorkingDirectory/24104/).
[2025.08.26-02.58.58:456][  0]LogShaderCompilers: Cleaned the shader compiler working directory 'C:/Users/XiDeao/AppData/Local/Temp/UnrealShaderWorkingDir/D109A9CD4DB03C8702FDF5B99E99779E/'.
[2025.08.26-02.58.58:456][  0]LogXGEController: Cannot use XGE Controller as Incredibuild is not installed on this machine.
[2025.08.26-02.58.58:456][  0]LogShaderCompilers: Cannot use XGE Shader Compiler as Incredibuild is not installed on this machine.
[2025.08.26-02.58.58:456][  0]LogShaderCompilers: Display: Using Local Shader Compiler.
[2025.08.26-02.58.59:003][  0]LogDerivedDataCache: Display: Max Cache Size: 512 MB
[2025.08.26-02.58.59:057][  0]LogDerivedDataCache: Loaded boot cache 0.05s 104MB C:/Users/XiDeao/AppData/Local/UnrealEngine/4.27/DerivedDataCache/Boot.ddc.
[2025.08.26-02.58.59:057][  0]LogDerivedDataCache: Display: Loaded Boot cache: C:/Users/XiDeao/AppData/Local/UnrealEngine/4.27/DerivedDataCache/Boot.ddc
[2025.08.26-02.58.59:058][  0]LogDerivedDataCache: FDerivedDataBackendGraph:  Pak pak cache file E:/programs/UE4_learn/workdemo/DerivedDataCache/DDC.ddp not found, will not use a pak cache.
[2025.08.26-02.58.59:058][  0]LogDerivedDataCache: Unable to find inner node Pak for hierarchical cache Hierarchy.
[2025.08.26-02.58.59:058][  0]LogDerivedDataCache: FDerivedDataBackendGraph:  CompressedPak pak cache file E:/programs/UE4_learn/workdemo/DerivedDataCache/Compressed.ddp not found, will not use a pak cache.
[2025.08.26-02.58.59:058][  0]LogDerivedDataCache: Unable to find inner node CompressedPak for hierarchical cache Hierarchy.
[2025.08.26-02.58.59:071][  0]LogDerivedDataCache: Display: Pak cache opened for reading ../../../Engine/DerivedDataCache/Compressed.ddp.
[2025.08.26-02.58.59:072][  0]LogDerivedDataCache: FDerivedDataBackendGraph:  EnterprisePak pak cache file ../../../Enterprise/DerivedDataCache/Compressed.ddp not found, will not use a pak cache.
[2025.08.26-02.58.59:072][  0]LogDerivedDataCache: Unable to find inner node EnterprisePak for hierarchical cache Hierarchy.
[2025.08.26-02.58.59:081][  0]LogDerivedDataCache: Speed tests for C:/Users/XiDeao/AppData/Local/UnrealEngine/Common/DerivedDataCache took 0.01 seconds
[2025.08.26-02.58.59:081][  0]LogDerivedDataCache: Display: Performance to C:/Users/XiDeao/AppData/Local/UnrealEngine/Common/DerivedDataCache: Latency=0.03ms. RandomReadSpeed=1524.83MBs, RandomWriteSpeed=120.44MBs. Assigned SpeedClass 'Local'
[2025.08.26-02.58.59:082][  0]LogDerivedDataCache: Using Local data cache path C:/Users/XiDeao/AppData/Local/UnrealEngine/Common/DerivedDataCache: Writable
[2025.08.26-02.58.59:082][  0]LogDerivedDataCache: Shared data cache path not found in *engine.ini, will not use an Shared cache.
[2025.08.26-02.58.59:082][  0]LogDerivedDataCache: Unable to find inner node Shared for hierarchical cache Hierarchy.
[2025.08.26-02.58.59:110][  0]LogSlate: Using FreeType 2.10.0
[2025.08.26-02.58.59:111][  0]LogSlate: SlateFontServices - WITH_FREETYPE: 1, WITH_HARFBUZZ: 1
[2025.08.26-02.58.59:139][  0]LogAssetRegistry: FAssetRegistry took 0.0030 seconds to start up
[2025.08.26-02.58.59:307][  0]LogInit: Selected Device Profile: [Windows]
[2025.08.26-02.58.59:307][  0]LogInit: Active device profile: [000001C4AC083200][000001C4A974B900 49] Windows
[2025.08.26-02.58.59:307][  0]LogInit: Profiles: [000001C4AC083200][000001C4A974B900 49] Windows, [000001C4AC089100][000001C4AA2B3A80 49] WindowsNoEditor, [000001C4AC081000][000001C4AA2B7C00 49] WindowsServer, [000001C4AC08B000][000001C4AA2BA200 49] WindowsClient, [000001C4AC082F00][000001C4AA2BE380 49] IOS, [000001C4AC089500][000001C4AA2C2500 49] iPadAir, [000001C4AC081400][000001C4AA2AE640 49] iPadAir2, [000001C4AC038200][000001C4AA2CA880 49] IPadPro, [000001C4AC038300][000001C4AA2C68C0 49] iPadAir3, [000001C4AC082B00][000001C4AA2D2A40 49] iPadAir4, [000001C4AC03AA00][000001C4AA2D6BC0 49] iPadMini2, [000001C4AC081600][000001C4AA2DAD40 49] iPadMini3, [000001C4AC039700][000001C4AA2DEEC0 49] iPadMini4, [000001C4AC082700][000001C4AA2E3040 49] iPadMini5, [000001C4AC027A00][000001C4AA2EB300 49] iPhone6, [000001C4AC027B00][000001C4AA2E7340 49] iPodTouch6, [000001C4AC03BA00][000001C4AA2F3600 49] iPhone7, [000001C4AC03A900][000001C4AA2EF640 49] iPodTouch7, [000001C4AC025300][000001C4AA2F77C0 49] iPhone5S, [000001C4AC039600][000001C4AA2FB940 49] iPhone6Plus, [000001C4AC026B00][000001C4AA2FFAC0 49] iPhone6S, [000001C4AC03A600][000001C4AA3020C0 49] iPhone6SPlus, [000001C4AC025800][000001C4AA306240 49] iPhone7Plus, [000001C4AC039A00][000001C4AA30A3C0 49] iPhoneSE, [000001C4AC027D00][000001C4A9B70540 49] iPhone8, [000001C4AC039100][000001C4A3C8E6C0 49] iPhone8Plus, [000001C4AC025200][000001C4AA2CE800 49] iPhoneX, [000001C4AC039B00][000001C4A3C9E940 49] iPhoneXS, [000001C4AC026800][000001C4A3CA2A80 49] iPhoneXSMax, [000001C4AC03B100][000001C4A3A7EBC0 49] iPhoneXR, [000001C4AC027900][000001C4A3A8ED40 49] iPhone11, [000001C4AC03B700][000001C4A3CBEEC0 49] iPhone11Pro, [000001C4AC026C00][000001C4A9C95040 49] iPhone11ProMax, [000001C4AC039200][000001C4A9D471C0 49] iPhoneSE2, [000001C4AC025F00][000001C4A9D4B340 49] iPhone12Mini, [000001C4AC039C00][000001C4A9D4F4C0 49] iPhone12, [000001C4AC026100][000001C4A9E13640 49] iPhone12Pro, [000001C4AC039300][000001C4A93997C0 49] iPhone12ProMax, [000001C4AC026200][000001C4A9EE7940 49] iPadPro105, [000001C4AC03AE00][000001C4A9EEFAC0 49] iPadPro129, [000001C4AC026000][000001C4A9EFA0C0 49] iPadPro97, [000001C4AC03AF00][000001C4AA312240 49] iPadPro2_129, [000001C4AC027C00][000001C4AA3163C0 49] iPad5, [000001C4AC039000][000001C4AA31A540 49] iPad6, [000001C4AC024300][000001C4AA31E6C0 49] iPad7, [000001C4AC03BB00][000001C4AA322840 49] iPad8, [000001C4AC027800][000001C4A3A8A980 49] iPadPro11, [000001C4AC03BE00][000001C4AA326AC0 49] iPadPro2_11, [000001C4AC024500][000001C4AA32AC00 49] iPadPro3_129, [000001C4AC03AB00][000001C4AA32ED40 49] iPadPro4_129, [000001C4AC026700][000001C4AA336EC0 49] AppleTV, [000001C4AC03AC00][000001C4AA33B040 49] AppleTV4K, [000001C4AC027100][000001C4AA33F1C0 49] TVOS, [000001C4AC03B500][000001C4AA343340 49] Mac, [000001C4AC024D00][000001C4AA3474C0 49] MacClient, [000001C4AC03A100][000001C4AA34B640 49] MacNoEditor, [000001C4AC026400][000001C4AA34F7C0 49] MacServer, [000001C4AC03A800][000001C4AA353940 49] Linux, [000001C4AC024200][000001C4AA357AC0 49] LinuxAArch64, [000001C4AC03B400][000001C4AA35A0C0 49] LinuxNoEditor, [000001C4AC025600][000001C4AA35E240 49] LinuxAArch64NoEditor, [000001C4AC08BA00][000001C4AA3623C0 49] LinuxClient, [000001C4AC105700][000001C4AA366540 49] LinuxAArch64Client, [000001C4AC089200][000001C4AA36A6C0 49] LinuxServer, [000001C4AC104100][000001C4AA36E840 49] LinuxAArch64Server, [000001C4AC089600][000001C4AA3729C0 49] Android, [000001C4AC105600][000001C4AA376B40 49] Android_Low, [000001C4AC089400][000001C4AA332C80 49] Android_Mid, [000001C4AC104E00][000001C4AA37ADC0 49] Android_High, [000001C4AC08AB00][000001C4A9EFEF00 49] Android_Default, [000001C4AC104200][000001C4A9F07080 49] Android_Adreno4xx, [000001C4AC08BE00][000001C4A9F0B200 49] Android_Adreno5xx_Low, [000001C4AC104300][000001C4A9F0F380 49] Android_Adreno5xx, [000001C4AC08AD00][000001C4A9F13500 49] Android_Adreno6xx, [000001C4AC104D00][000001C4A9F17680 49] Android_Adreno6xx_Vulkan, [000001C4AC088800][000001C4A9F1B800 49] Android_Mali_T6xx, [000001C4AC105100][000001C4A9F1F980 49] Android_Mali_T7xx, [000001C4AC088A00][000001C4A9F23B00 49] Android_Mali_T8xx, [000001C4AC105D00][000001C4A9F26100 49] Android_Mali_G71, [000001C4AC089E00][000001C4A9F2A280 49] Android_Mali_G72, [000001C4AC105000][000001C4A9F2E400 49] Android_Mali_G72_Vulkan, [000001C4AC027400][000001C4A9F32580 49] Android_Mali_G76, [000001C4AC039800][000001C4A9F36700 49] Android_Mali_G76_Vulkan, [000001C4AC026900][000001C4A9F3A880 49] Android_Mali_G77, [000001C4AC03B900][000001C4A9F3EA00 49] Android_Mali_G77_Vulkan, [000001C4AC027E00][000001C4A9F42B80 49] Android_Mali_G78, [000001C4AC039D00][000001C4A9F46D00 49] Android_Mali_G78_Vulkan, [000001C4AC027700][000001C4A9F02E40 49] Android_Mali_G710, [000001C4AC038D00][000001C4A9F4AF80 49] Android_Mali_G710_Vulkan, [000001C4AC025A00][000001C4A9F4F0C0 49] Android_Vulkan_SM5, [000001C4AC039400][000001C4A9F57240 49] Android_PowerVR_G6xxx, [000001C4AC027300][000001C4A9F5B3C0 49] Android_PowerVR_GT7xxx, [000001C4AC03B000][000001C4A9F5F540 49] Android_PowerVR_GE8xxx, [000001C4AC027600][000001C4A9F636C0 49] Android_PowerVR_GM9xxx, [000001C4AC03A300][000001C4A9F67840 49] Android_PowerVR_GM9xxx_Vulkan, [000001C4AC026600][000001C4A9F6B9C0 49] Android_TegraK1, [000001C4AC038900][000001C4A9B75B40 49] Android_Unknown_Vulkan, [000001C4AC024F00][000001C4A9B78140 49] Lumin, [000001C4AC104600][000001C4A9B7C2C0 49] Lumin_Desktop, [000001C4AC025500][000001C4A9B80440 49] HoloLens, 
[2025.08.26-02.58.59:418][  0]LogMeshReduction: Using QuadricMeshReduction for automatic static mesh reduction
[2025.08.26-02.58.59:418][  0]LogMeshReduction: Using SimplygonMeshReduction for automatic skeletal mesh reduction
[2025.08.26-02.58.59:419][  0]LogMeshReduction: Using ProxyLODMeshReduction for automatic mesh merging
[2025.08.26-02.58.59:419][  0]LogMeshReduction: No distributed automatic mesh merging module available
[2025.08.26-02.58.59:419][  0]LogMeshMerging: No distributed automatic mesh merging module available
[2025.08.26-02.58.59:433][  0]LogNetVersion: workdemo 1.0.0, NetCL: 17155196, EngineNetVer: 17, GameNetVer: 0 (Checksum: 1131630107)
[2025.08.26-02.58.59:746][  0]LogTexture: Default maximum texture size for cubemaps generated from long-lat sources has been changed from 512 to unlimited. In order to preserve old behaiour for '/Engine/MapTemplates/Sky/DaylightAmbientCubemap.DaylightAmbientCubemap', its maximum texture size has been explicitly set to 512.
[2025.08.26-02.58.59:791][  0]LogHMD: PokeAHoleMaterial loaded successfully
[2025.08.26-02.58.59:796][  0]LogUObjectArray: 17178 objects as part of root set at end of initial load.
[2025.08.26-02.58.59:796][  0]LogUObjectAllocator: 4302048 out of 0 bytes used by permanent object pool.
[2025.08.26-02.58.59:796][  0]LogUObjectArray: CloseDisregardForGC: 0/0 objects in disregard for GC pool
[2025.08.26-02.58.59:982][  0]LogPython: Using Python 3.7.7
[2025.08.26-02.59.00:592][  0]LogNiagaraDebuggerClient: Niagara Debugger Client Initialized | Session: 8835378B46195530D4D0FA941EB8770B | Instance: 19C03C434FB7E3A6BB1C55A4D3BA23CF (LALALA-24104).
[2025.08.26-02.59.00:644][  0]LogTcpMessaging: Initializing TcpMessaging bridge
[2025.08.26-02.59.00:650][  0]LogUdpMessaging: Initializing bridge on interface 0.0.0.0:0 to multicast group 230.0.0.1:6666.
[2025.08.26-02.59.01:028][  0]SourceControl: Source control is disabled
[2025.08.26-02.59.01:028][  0]SourceControl: Source control is disabled
[2025.08.26-02.59.01:033][  0]SourceControl: Source control is disabled
[2025.08.26-02.59.01:076][  0]SourceControl: Source control is disabled
[2025.08.26-02.59.01:080][  0]LogUProjectInfo: Found projects:
[2025.08.26-02.59.01:092][  0]SourceControl: Source control is disabled
[2025.08.26-02.59.01:221][  0]LogOpenImageDenoise: OIDN starting up
[2025.08.26-02.59.01:377][  0]LogAndroidPermission: UAndroidPermissionCallbackProxy::GetInstance
[2025.08.26-02.59.01:397][  0]LogAudioCaptureCore: Display: No Audio Capture implementations found. Audio input will be silent.
[2025.08.26-02.59.01:397][  0]LogAudioCaptureCore: Display: No Audio Capture implementations found. Audio input will be silent.
[2025.08.26-02.59.01:527][  0]LogCollectionManager: Loaded 0 collections in 0.000559 seconds
[2025.08.26-02.59.01:555][  0]LogFileCache: Scanning file cache for directory 'E:/programs/UE4_learn/workdemo/Saved/Collections/' took 0.00s
[2025.08.26-02.59.01:555][  0]LogFileCache: Scanning file cache for directory 'E:/programs/UE4_learn/workdemo/Content/Developers/appleup/Collections/' took 0.00s
[2025.08.26-02.59.01:555][  0]LogFileCache: Scanning file cache for directory 'E:/programs/UE4_learn/workdemo/Content/Collections/' took 0.00s
[2025.08.26-02.59.01:555][  0]LogOcInput: OculusInput pre-init called
[2025.08.26-02.59.01:780][  0]LogEngine: Initializing Engine...
[2025.08.26-02.59.01:783][  0]LogHMD: Failed to enumerate extensions. Please check that you have a valid OpenXR runtime installed.
[2025.08.26-02.59.01:784][  0]LogHMD: Failed to initialize OpenVR with code 110
[2025.08.26-02.59.01:784][  0]LogMagicLeap: Warning: VR disabled because ZI is not enabled.  To enable, in the editor, Edit -> Project Settings -> Plugins -> Magic Leap Plugin -> Enable Zero Iteration
[2025.08.26-02.59.01:785][  0]LogStats: UGameplayTagsManager::InitializeManager -  0.000 s
[2025.08.26-02.59.01:873][  0]LogInit: Initializing FReadOnlyCVARCache
[2025.08.26-02.59.01:882][  0]LogAIModule: Creating AISystem for world Untitled
[2025.08.26-02.59.01:883][  0]LogAudio: Display: Initializing Audio Device Manager...
[2025.08.26-02.59.01:888][  0]LogAudio: Display: Loading Default Audio Settings Objects...
[2025.08.26-02.59.01:888][  0]LogAudio: Display: No default SoundConcurrencyObject specified (or failed to load).
[2025.08.26-02.59.01:889][  0]LogAudio: Display: Audio Device Manager Initialized
[2025.08.26-02.59.01:889][  0]LogAudio: Display: Creating Audio Device:                 Id: 1, Scope: Shared, Realtime: True
[2025.08.26-02.59.01:889][  0]LogAudioMixer: Display: Audio Mixer Platform Settings:
[2025.08.26-02.59.01:889][  0]LogAudioMixer: Display: 	Sample Rate:						  48000
[2025.08.26-02.59.01:889][  0]LogAudioMixer: Display: 	Callback Buffer Frame Size Requested: 1024
[2025.08.26-02.59.01:889][  0]LogAudioMixer: Display: 	Callback Buffer Frame Size To Use:	  1024
[2025.08.26-02.59.01:889][  0]LogAudioMixer: Display: 	Number of buffers to queue:			  2
[2025.08.26-02.59.01:889][  0]LogAudioMixer: Display: 	Max Channels (voices):				  32
[2025.08.26-02.59.01:889][  0]LogAudioMixer: Display: 	Number of Async Source Workers:		  0
[2025.08.26-02.59.01:889][  0]LogAudio: Display: AudioDevice MaxSources: 32
[2025.08.26-02.59.01:890][  0]LogAudio: Display: Audio Spatialization Plugin: None (built-in).
[2025.08.26-02.59.01:890][  0]LogAudio: Display: Audio Reverb Plugin: None (built-in).
[2025.08.26-02.59.01:890][  0]LogAudio: Display: Audio Occlusion Plugin: None (built-in).
[2025.08.26-02.59.01:890][  0]LogAudioMixer: Display: Initializing audio mixer.
[2025.08.26-02.59.01:903][  0]LogAudioMixer: Display: 0: FrontLeft
[2025.08.26-02.59.01:903][  0]LogAudioMixer: Display: 1: FrontRight
[2025.08.26-02.59.02:213][  0]LogAudioMixer: Display: Using Audio Device 扬声器 (Realtek(R) Audio)
[2025.08.26-02.59.02:215][  0]LogAudioMixer: Display: Initializing Sound Submixes...
[2025.08.26-02.59.02:217][  0]LogAudioMixer: Display: Creating Master Submix 'MasterSubmixDefault'
[2025.08.26-02.59.02:217][  0]LogAudioMixer: Display: Creating Master Submix 'MasterReverbSubmixDefault'
[2025.08.26-02.59.02:218][  0]LogAudioMixer: Display: Creating Master Submix 'MasterEQSubmixDefault'
[2025.08.26-02.59.02:219][  0]LogAudioMixer: FMixerPlatformXAudio2::StartAudioStream() called
[2025.08.26-02.59.02:219][  0]LogAudioMixer: Display: Output buffers initialized: Frames=1024, Channels=2, Samples=2048
[2025.08.26-02.59.02:221][  0]LogAudioMixer: Display: Starting AudioMixerPlatformInterface::RunInternal()
[2025.08.26-02.59.02:221][  0]LogAudioMixer: Display: FMixerPlatformXAudio2::SubmitBuffer() called for the first time
[2025.08.26-02.59.02:221][  0]LogInit: FAudioDevice initialized.
[2025.08.26-02.59.02:221][  0]LogAudio: Display: Audio Device (ID: 1) registered with world 'Untitled'.
[2025.08.26-02.59.02:221][  0]LogNetVersion: Set ProjectVersion to 1.0.0.0. Version Checksum will be recalculated on next use.
[2025.08.26-02.59.02:268][  0]LogDerivedDataCache: Saved boot cache 0.05s 104MB C:/Users/XiDeao/AppData/Local/UnrealEngine/4.27/DerivedDataCache/Boot.ddc.
[2025.08.26-02.59.02:268][  0]LogInit: Texture streaming: Enabled
[2025.08.26-02.59.02:286][  0]LogAnalytics: Display: [UEEditor.Rocket.Release] APIServer = https://datarouter.ol.epicgames.com/. AppVersion = 4.27.2-18319896+++UE4+Release-4.27
[2025.08.26-02.59.02:291][  0]LogEngineSessionManager: EngineSessionManager initialized
[2025.08.26-02.59.02:291][  0]LogEditorSessionSummary: Verbose: Initializing EditorSessionSummaryWriter for editor session tracking
[2025.08.26-02.59.02:293][  0]LogEditorSessionSummary: EditorSessionSummaryWriter initialized
[2025.08.26-02.59.02:316][  0]LogInit: Transaction tracking system initialized
[2025.08.26-02.59.02:342][  0]BlueprintLog: New page: Editor Load
[2025.08.26-02.59.02:419][  0]LocalizationService: Localization service is disabled
[2025.08.26-02.59.02:449][  0]TimingProfiler: Initialize
[2025.08.26-02.59.02:450][  0]TimingProfiler: OnSessionChanged
[2025.08.26-02.59.02:450][  0]LoadingProfiler: Initialize
[2025.08.26-02.59.02:450][  0]LoadingProfiler: OnSessionChanged
[2025.08.26-02.59.02:450][  0]NetworkingProfiler: Initialize
[2025.08.26-02.59.02:450][  0]NetworkingProfiler: OnSessionChanged
[2025.08.26-02.59.02:450][  0]MemoryProfiler: Initialize
[2025.08.26-02.59.02:450][  0]MemoryProfiler: OnSessionChanged
[2025.08.26-02.59.02:586][  0]LogCook: Display: CookSettings for Memory: MemoryMaxUsedVirtual 0MiB, MemoryMaxUsedPhysical 16384MiB, MemoryMinFreeVirtual 0MiB, MemoryMinFreePhysical 1024MiB
[2025.08.26-02.59.02:586][  0]LogCook: Display: Mobile HDR setting 1
[2025.08.26-02.59.02:803][  0]LogFileCache: Scanning file cache for directory 'E:/programs/UE4_learn/workdemo/Content/' took 0.01s
[2025.08.26-02.59.02:969][  0]LogInit: Display: Engine is initialized. Leaving FEngineLoop::Init()
[2025.08.26-02.59.02:972][  0]SourceControl: Source control is disabled
[2025.08.26-02.59.02:972][  0]LogUnrealEdMisc: Loading editor; pre map load, took 7.699
[2025.08.26-02.59.02:973][  0]Cmd: MAP LOAD FILE="E:/programs/UE4_learn/workdemo/Content/Maps/M_Debug.umap" TEMPLATE=0 SHOWPROGRESS=1 FEATURELEVEL=3
[2025.08.26-02.59.02:973][  0]LightingResults: New page: Lighting Build
[2025.08.26-02.59.02:974][  0]LogWorld: UWorld::CleanupWorld for Untitled, bSessionEnded=true, bCleanupResources=true
[2025.08.26-02.59.02:974][  0]LogSlate: InvalidateAllWidgets triggered.  All widgets were invalidated
[2025.08.26-02.59.02:974][  0]MapCheck: New page: Map Check
[2025.08.26-02.59.02:975][  0]LightingResults: New page: Lighting Build
[2025.08.26-02.59.02:983][  0]LogAudio: Display: Audio Device unregistered from world 'None'.
[2025.08.26-02.59.02:986][  0]LogUObjectHash: Compacting FUObjectHashTables data took   0.65ms
[2025.08.26-02.59.03:044][  0]LogAudio: Display: Audio Device (ID: 1) registered with world 'M_Debug'.
[2025.08.26-02.59.03:045][  0]LogAIModule: Creating AISystem for world M_Debug
[2025.08.26-02.59.03:049][  0]LogEditorServer: Finished looking for orphan Actors (0.000 secs)
[2025.08.26-02.59.03:064][  0]LogUObjectHash: Compacting FUObjectHashTables data took   0.62ms
[2025.08.26-02.59.03:064][  0]Cmd: MAP CHECKDEP NOCLEARLOG
[2025.08.26-02.59.03:065][  0]MapCheck: Map check complete: 0 Error(s), 0 Warning(s), took 0.283ms to complete.
[2025.08.26-02.59.03:065][  0]LogFileHelpers: Loading map 'M_Debug' took 0.092
[2025.08.26-02.59.03:068][  0]LogUnrealEdMisc: Total Editor Startup Time, took 7.793
[2025.08.26-02.59.03:217][  0]LogSlate: Updating window title bar state: overlay mode, drag disabled, window buttons hidden, title bar hidden
[2025.08.26-02.59.03:222][  0]LogSlate: Updating window title bar state: overlay mode, drag disabled, window buttons hidden, title bar hidden
[2025.08.26-02.59.03:227][  0]LogSlate: Updating window title bar state: overlay mode, drag disabled, window buttons hidden, title bar hidden
[2025.08.26-02.59.03:231][  0]LogSlate: Updating window title bar state: overlay mode, drag disabled, window buttons hidden, title bar hidden
[2025.08.26-02.59.03:242][  0]LogNativeClassHierarchy: Verbose: Native class hierarchy populated in 0.0076 seconds. Added 3883 classes and 945 folders.
[2025.08.26-02.59.03:255][  0]LogNativeClassHierarchy: Verbose: Native class hierarchy updated for 'WidgetCarousel' in 0.0002 seconds. Added 0 classes and 0 folders.
[2025.08.26-02.59.03:258][  0]LogPakFile: PakFile PrimaryIndexSize=187
[2025.08.26-02.59.03:258][  0]LogPakFile: PakFile PathHashIndexSize=101
[2025.08.26-02.59.03:258][  0]LogPakFile: PakFile FullDirectoryIndexSize=148
[2025.08.26-02.59.03:258][  0]LogShaderLibrary: Display: ShaderCodeLibraryPakFileMountedCallback: PakFile 'F:/epic/UE_4.27/FeaturePacks/FP_FirstPerson.upack' (chunk index -1, root 'root:/') mounted
[2025.08.26-02.59.03:258][  0]LogShaderLibrary: Display: ShaderCodeLibraryPakFileMountedCallback: pending pak file info (ChunkID:-1 Root:root:/ File:F:/epic/UE_4.27/FeaturePacks/FP_FirstPerson.upack)
[2025.08.26-02.59.03:258][  0]LogPakFile: OnPakFileMounted2Time == 0.000239
[2025.08.26-02.59.03:259][  0]LogPakFile: PakFile PrimaryIndexSize=189
[2025.08.26-02.59.03:259][  0]LogPakFile: PakFile PathHashIndexSize=101
[2025.08.26-02.59.03:259][  0]LogPakFile: PakFile FullDirectoryIndexSize=152
[2025.08.26-02.59.03:259][  0]LogShaderLibrary: Display: ShaderCodeLibraryPakFileMountedCallback: PakFile 'F:/epic/UE_4.27/FeaturePacks/FP_FirstPersonBP.upack' (chunk index -1, root 'root:/') mounted
[2025.08.26-02.59.03:259][  0]LogShaderLibrary: Display: ShaderCodeLibraryPakFileMountedCallback: pending pak file info (ChunkID:-1 Root:root:/ File:F:/epic/UE_4.27/FeaturePacks/FP_FirstPersonBP.upack)
[2025.08.26-02.59.03:259][  0]LogPakFile: OnPakFileMounted2Time == 0.000161
[2025.08.26-02.59.03:260][  0]LogPakFile: PakFile PrimaryIndexSize=191
[2025.08.26-02.59.03:260][  0]LogPakFile: PakFile PathHashIndexSize=101
[2025.08.26-02.59.03:260][  0]LogPakFile: PakFile FullDirectoryIndexSize=160
[2025.08.26-02.59.03:260][  0]LogShaderLibrary: Display: ShaderCodeLibraryPakFileMountedCallback: PakFile 'F:/epic/UE_4.27/FeaturePacks/MobileStarterContent.upack' (chunk index -1, root 'root:/') mounted
[2025.08.26-02.59.03:260][  0]LogShaderLibrary: Display: ShaderCodeLibraryPakFileMountedCallback: pending pak file info (ChunkID:-1 Root:root:/ File:F:/epic/UE_4.27/FeaturePacks/MobileStarterContent.upack)
[2025.08.26-02.59.03:260][  0]LogPakFile: OnPakFileMounted2Time == 0.000134
[2025.08.26-02.59.03:261][  0]LogPakFile: PakFile PrimaryIndexSize=185
[2025.08.26-02.59.03:261][  0]LogPakFile: PakFile PathHashIndexSize=101
[2025.08.26-02.59.03:261][  0]LogPakFile: PakFile FullDirectoryIndexSize=148
[2025.08.26-02.59.03:261][  0]LogShaderLibrary: Display: ShaderCodeLibraryPakFileMountedCallback: PakFile 'F:/epic/UE_4.27/FeaturePacks/StarterContent.upack' (chunk index -1, root 'root:/') mounted
[2025.08.26-02.59.03:261][  0]LogShaderLibrary: Display: ShaderCodeLibraryPakFileMountedCallback: pending pak file info (ChunkID:-1 Root:root:/ File:F:/epic/UE_4.27/FeaturePacks/StarterContent.upack)
[2025.08.26-02.59.03:261][  0]LogPakFile: OnPakFileMounted2Time == 0.000137
[2025.08.26-02.59.03:262][  0]LogPakFile: PakFile PrimaryIndexSize=190
[2025.08.26-02.59.03:262][  0]LogPakFile: PakFile PathHashIndexSize=101
[2025.08.26-02.59.03:262][  0]LogPakFile: PakFile FullDirectoryIndexSize=154
[2025.08.26-02.59.03:262][  0]LogShaderLibrary: Display: ShaderCodeLibraryPakFileMountedCallback: PakFile 'F:/epic/UE_4.27/FeaturePacks/TP_2DSideScroller.upack' (chunk index -1, root 'root:/') mounted
[2025.08.26-02.59.03:262][  0]LogShaderLibrary: Display: ShaderCodeLibraryPakFileMountedCallback: pending pak file info (ChunkID:-1 Root:root:/ File:F:/epic/UE_4.27/FeaturePacks/TP_2DSideScroller.upack)
[2025.08.26-02.59.03:262][  0]LogPakFile: OnPakFileMounted2Time == 0.000129
[2025.08.26-02.59.03:263][  0]LogPakFile: PakFile PrimaryIndexSize=192
[2025.08.26-02.59.03:263][  0]LogPakFile: PakFile PathHashIndexSize=101
[2025.08.26-02.59.03:263][  0]LogPakFile: PakFile FullDirectoryIndexSize=158
[2025.08.26-02.59.03:263][  0]LogShaderLibrary: Display: ShaderCodeLibraryPakFileMountedCallback: PakFile 'F:/epic/UE_4.27/FeaturePacks/TP_2DSideScrollerBP.upack' (chunk index -1, root 'root:/') mounted
[2025.08.26-02.59.03:263][  0]LogShaderLibrary: Display: ShaderCodeLibraryPakFileMountedCallback: pending pak file info (ChunkID:-1 Root:root:/ File:F:/epic/UE_4.27/FeaturePacks/TP_2DSideScrollerBP.upack)
[2025.08.26-02.59.03:263][  0]LogPakFile: OnPakFileMounted2Time == 0.000134
[2025.08.26-02.59.03:264][  0]LogPakFile: PakFile PrimaryIndexSize=182
[2025.08.26-02.59.03:264][  0]LogPakFile: PakFile PathHashIndexSize=101
[2025.08.26-02.59.03:264][  0]LogPakFile: PakFile FullDirectoryIndexSize=138
[2025.08.26-02.59.03:264][  0]LogShaderLibrary: Display: ShaderCodeLibraryPakFileMountedCallback: PakFile 'F:/epic/UE_4.27/FeaturePacks/TP_Flying.upack' (chunk index -1, root 'root:/') mounted
[2025.08.26-02.59.03:264][  0]LogShaderLibrary: Display: ShaderCodeLibraryPakFileMountedCallback: pending pak file info (ChunkID:-1 Root:root:/ File:F:/epic/UE_4.27/FeaturePacks/TP_Flying.upack)
[2025.08.26-02.59.03:264][  0]LogPakFile: OnPakFileMounted2Time == 0.000139
[2025.08.26-02.59.03:265][  0]LogPakFile: PakFile PrimaryIndexSize=184
[2025.08.26-02.59.03:265][  0]LogPakFile: PakFile PathHashIndexSize=101
[2025.08.26-02.59.03:265][  0]LogPakFile: PakFile FullDirectoryIndexSize=142
[2025.08.26-02.59.03:265][  0]LogShaderLibrary: Display: ShaderCodeLibraryPakFileMountedCallback: PakFile 'F:/epic/UE_4.27/FeaturePacks/TP_FlyingBP.upack' (chunk index -1, root 'root:/') mounted
[2025.08.26-02.59.03:265][  0]LogShaderLibrary: Display: ShaderCodeLibraryPakFileMountedCallback: pending pak file info (ChunkID:-1 Root:root:/ File:F:/epic/UE_4.27/FeaturePacks/TP_FlyingBP.upack)
[2025.08.26-02.59.03:265][  0]LogPakFile: OnPakFileMounted2Time == 0.000130
[2025.08.26-02.59.03:265][  0]LogPakFile: PakFile PrimaryIndexSize=188
[2025.08.26-02.59.03:265][  0]LogPakFile: PakFile PathHashIndexSize=101
[2025.08.26-02.59.03:267][  0]LogPakFile: PakFile FullDirectoryIndexSize=150
[2025.08.26-02.59.03:267][  0]LogShaderLibrary: Display: ShaderCodeLibraryPakFileMountedCallback: PakFile 'F:/epic/UE_4.27/FeaturePacks/TP_HandheldARBP.upack' (chunk index -1, root 'root:/') mounted
[2025.08.26-02.59.03:267][  0]LogShaderLibrary: Display: ShaderCodeLibraryPakFileMountedCallback: pending pak file info (ChunkID:-1 Root:root:/ File:F:/epic/UE_4.27/FeaturePacks/TP_HandheldARBP.upack)
[2025.08.26-02.59.03:267][  0]LogPakFile: OnPakFileMounted2Time == 0.000264
[2025.08.26-02.59.03:268][  0]LogPakFile: PakFile PrimaryIndexSize=182
[2025.08.26-02.59.03:268][  0]LogPakFile: PakFile PathHashIndexSize=101
[2025.08.26-02.59.03:268][  0]LogPakFile: PakFile FullDirectoryIndexSize=138
[2025.08.26-02.59.03:268][  0]LogShaderLibrary: Display: ShaderCodeLibraryPakFileMountedCallback: PakFile 'F:/epic/UE_4.27/FeaturePacks/TP_Puzzle.upack' (chunk index -1, root 'root:/') mounted
[2025.08.26-02.59.03:268][  0]LogShaderLibrary: Display: ShaderCodeLibraryPakFileMountedCallback: pending pak file info (ChunkID:-1 Root:root:/ File:F:/epic/UE_4.27/FeaturePacks/TP_Puzzle.upack)
[2025.08.26-02.59.03:268][  0]LogPakFile: OnPakFileMounted2Time == 0.000132
[2025.08.26-02.59.03:269][  0]LogPakFile: PakFile PrimaryIndexSize=184
[2025.08.26-02.59.03:269][  0]LogPakFile: PakFile PathHashIndexSize=101
[2025.08.26-02.59.03:269][  0]LogPakFile: PakFile FullDirectoryIndexSize=142
[2025.08.26-02.59.03:269][  0]LogShaderLibrary: Display: ShaderCodeLibraryPakFileMountedCallback: PakFile 'F:/epic/UE_4.27/FeaturePacks/TP_PuzzleBP.upack' (chunk index -1, root 'root:/') mounted
[2025.08.26-02.59.03:269][  0]LogShaderLibrary: Display: ShaderCodeLibraryPakFileMountedCallback: pending pak file info (ChunkID:-1 Root:root:/ File:F:/epic/UE_4.27/FeaturePacks/TP_PuzzleBP.upack)
[2025.08.26-02.59.03:269][  0]LogPakFile: OnPakFileMounted2Time == 0.000161
[2025.08.26-02.59.03:270][  0]LogPakFile: PakFile PrimaryIndexSize=183
[2025.08.26-02.59.03:270][  0]LogPakFile: PakFile PathHashIndexSize=101
[2025.08.26-02.59.03:270][  0]LogPakFile: PakFile FullDirectoryIndexSize=140
[2025.08.26-02.59.03:270][  0]LogShaderLibrary: Display: ShaderCodeLibraryPakFileMountedCallback: PakFile 'F:/epic/UE_4.27/FeaturePacks/TP_Rolling.upack' (chunk index -1, root 'root:/') mounted
[2025.08.26-02.59.03:270][  0]LogShaderLibrary: Display: ShaderCodeLibraryPakFileMountedCallback: pending pak file info (ChunkID:-1 Root:root:/ File:F:/epic/UE_4.27/FeaturePacks/TP_Rolling.upack)
[2025.08.26-02.59.03:270][  0]LogPakFile: OnPakFileMounted2Time == 0.000139
[2025.08.26-02.59.03:271][  0]LogPakFile: PakFile PrimaryIndexSize=185
[2025.08.26-02.59.03:271][  0]LogPakFile: PakFile PathHashIndexSize=101
[2025.08.26-02.59.03:271][  0]LogPakFile: PakFile FullDirectoryIndexSize=144
[2025.08.26-02.59.03:271][  0]LogShaderLibrary: Display: ShaderCodeLibraryPakFileMountedCallback: PakFile 'F:/epic/UE_4.27/FeaturePacks/TP_RollingBP.upack' (chunk index -1, root 'root:/') mounted
[2025.08.26-02.59.03:271][  0]LogShaderLibrary: Display: ShaderCodeLibraryPakFileMountedCallback: pending pak file info (ChunkID:-1 Root:root:/ File:F:/epic/UE_4.27/FeaturePacks/TP_RollingBP.upack)
[2025.08.26-02.59.03:271][  0]LogPakFile: OnPakFileMounted2Time == 0.000142
[2025.08.26-02.59.03:272][  0]LogPakFile: PakFile PrimaryIndexSize=188
[2025.08.26-02.59.03:272][  0]LogPakFile: PakFile PathHashIndexSize=101
[2025.08.26-02.59.03:272][  0]LogPakFile: PakFile FullDirectoryIndexSize=150
[2025.08.26-02.59.03:272][  0]LogShaderLibrary: Display: ShaderCodeLibraryPakFileMountedCallback: PakFile 'F:/epic/UE_4.27/FeaturePacks/TP_SideScroller.upack' (chunk index -1, root 'root:/') mounted
[2025.08.26-02.59.03:272][  0]LogShaderLibrary: Display: ShaderCodeLibraryPakFileMountedCallback: pending pak file info (ChunkID:-1 Root:root:/ File:F:/epic/UE_4.27/FeaturePacks/TP_SideScroller.upack)
[2025.08.26-02.59.03:272][  0]LogPakFile: OnPakFileMounted2Time == 0.000152
[2025.08.26-02.59.03:273][  0]LogPakFile: PakFile PrimaryIndexSize=190
[2025.08.26-02.59.03:273][  0]LogPakFile: PakFile PathHashIndexSize=101
[2025.08.26-02.59.03:273][  0]LogPakFile: PakFile FullDirectoryIndexSize=154
[2025.08.26-02.59.03:273][  0]LogShaderLibrary: Display: ShaderCodeLibraryPakFileMountedCallback: PakFile 'F:/epic/UE_4.27/FeaturePacks/TP_SideScrollerBP.upack' (chunk index -1, root 'root:/') mounted
[2025.08.26-02.59.03:273][  0]LogShaderLibrary: Display: ShaderCodeLibraryPakFileMountedCallback: pending pak file info (ChunkID:-1 Root:root:/ File:F:/epic/UE_4.27/FeaturePacks/TP_SideScrollerBP.upack)
[2025.08.26-02.59.03:273][  0]LogPakFile: OnPakFileMounted2Time == 0.000141
[2025.08.26-02.59.03:274][  0]LogPakFile: PakFile PrimaryIndexSize=187
[2025.08.26-02.59.03:274][  0]LogPakFile: PakFile PathHashIndexSize=101
[2025.08.26-02.59.03:274][  0]LogPakFile: PakFile FullDirectoryIndexSize=148
[2025.08.26-02.59.03:274][  0]LogShaderLibrary: Display: ShaderCodeLibraryPakFileMountedCallback: PakFile 'F:/epic/UE_4.27/FeaturePacks/TP_ThirdPerson.upack' (chunk index -1, root 'root:/') mounted
[2025.08.26-02.59.03:274][  0]LogShaderLibrary: Display: ShaderCodeLibraryPakFileMountedCallback: pending pak file info (ChunkID:-1 Root:root:/ File:F:/epic/UE_4.27/FeaturePacks/TP_ThirdPerson.upack)
[2025.08.26-02.59.03:274][  0]LogPakFile: OnPakFileMounted2Time == 0.000159
[2025.08.26-02.59.03:275][  0]LogPakFile: PakFile PrimaryIndexSize=189
[2025.08.26-02.59.03:275][  0]LogPakFile: PakFile PathHashIndexSize=101
[2025.08.26-02.59.03:275][  0]LogPakFile: PakFile FullDirectoryIndexSize=152
[2025.08.26-02.59.03:275][  0]LogShaderLibrary: Display: ShaderCodeLibraryPakFileMountedCallback: PakFile 'F:/epic/UE_4.27/FeaturePacks/TP_ThirdPersonBP.upack' (chunk index -1, root 'root:/') mounted
[2025.08.26-02.59.03:276][  0]LogShaderLibrary: Display: ShaderCodeLibraryPakFileMountedCallback: pending pak file info (ChunkID:-1 Root:root:/ File:F:/epic/UE_4.27/FeaturePacks/TP_ThirdPersonBP.upack)
[2025.08.26-02.59.03:276][  0]LogPakFile: OnPakFileMounted2Time == 0.000195
[2025.08.26-02.59.03:276][  0]LogPakFile: PakFile PrimaryIndexSize=183
[2025.08.26-02.59.03:276][  0]LogPakFile: PakFile PathHashIndexSize=101
[2025.08.26-02.59.03:277][  0]LogPakFile: PakFile FullDirectoryIndexSize=140
[2025.08.26-02.59.03:277][  0]LogShaderLibrary: Display: ShaderCodeLibraryPakFileMountedCallback: PakFile 'F:/epic/UE_4.27/FeaturePacks/TP_TopDown.upack' (chunk index -1, root 'root:/') mounted
[2025.08.26-02.59.03:277][  0]LogShaderLibrary: Display: ShaderCodeLibraryPakFileMountedCallback: pending pak file info (ChunkID:-1 Root:root:/ File:F:/epic/UE_4.27/FeaturePacks/TP_TopDown.upack)
[2025.08.26-02.59.03:277][  0]LogPakFile: OnPakFileMounted2Time == 0.000148
[2025.08.26-02.59.03:278][  0]LogPakFile: PakFile PrimaryIndexSize=185
[2025.08.26-02.59.03:278][  0]LogPakFile: PakFile PathHashIndexSize=101
[2025.08.26-02.59.03:278][  0]LogPakFile: PakFile FullDirectoryIndexSize=144
[2025.08.26-02.59.03:278][  0]LogShaderLibrary: Display: ShaderCodeLibraryPakFileMountedCallback: PakFile 'F:/epic/UE_4.27/FeaturePacks/TP_TopDownBP.upack' (chunk index -1, root 'root:/') mounted
[2025.08.26-02.59.03:278][  0]LogShaderLibrary: Display: ShaderCodeLibraryPakFileMountedCallback: pending pak file info (ChunkID:-1 Root:root:/ File:F:/epic/UE_4.27/FeaturePacks/TP_TopDownBP.upack)
[2025.08.26-02.59.03:278][  0]LogPakFile: OnPakFileMounted2Time == 0.000131
[2025.08.26-02.59.03:279][  0]LogPakFile: PakFile PrimaryIndexSize=185
[2025.08.26-02.59.03:279][  0]LogPakFile: PakFile PathHashIndexSize=101
[2025.08.26-02.59.03:279][  0]LogPakFile: PakFile FullDirectoryIndexSize=144
[2025.08.26-02.59.03:279][  0]LogShaderLibrary: Display: ShaderCodeLibraryPakFileMountedCallback: PakFile 'F:/epic/UE_4.27/FeaturePacks/TP_TwinStick.upack' (chunk index -1, root 'root:/') mounted
[2025.08.26-02.59.03:279][  0]LogShaderLibrary: Display: ShaderCodeLibraryPakFileMountedCallback: pending pak file info (ChunkID:-1 Root:root:/ File:F:/epic/UE_4.27/FeaturePacks/TP_TwinStick.upack)
[2025.08.26-02.59.03:279][  0]LogPakFile: OnPakFileMounted2Time == 0.000141
[2025.08.26-02.59.03:280][  0]LogPakFile: PakFile PrimaryIndexSize=187
[2025.08.26-02.59.03:280][  0]LogPakFile: PakFile PathHashIndexSize=101
[2025.08.26-02.59.03:280][  0]LogPakFile: PakFile FullDirectoryIndexSize=148
[2025.08.26-02.59.03:280][  0]LogShaderLibrary: Display: ShaderCodeLibraryPakFileMountedCallback: PakFile 'F:/epic/UE_4.27/FeaturePacks/TP_TwinStickBP.upack' (chunk index -1, root 'root:/') mounted
[2025.08.26-02.59.03:280][  0]LogShaderLibrary: Display: ShaderCodeLibraryPakFileMountedCallback: pending pak file info (ChunkID:-1 Root:root:/ File:F:/epic/UE_4.27/FeaturePacks/TP_TwinStickBP.upack)
[2025.08.26-02.59.03:280][  0]LogPakFile: OnPakFileMounted2Time == 0.000137
[2025.08.26-02.59.03:281][  0]LogPakFile: PakFile PrimaryIndexSize=183
[2025.08.26-02.59.03:281][  0]LogPakFile: PakFile PathHashIndexSize=101
[2025.08.26-02.59.03:281][  0]LogPakFile: PakFile FullDirectoryIndexSize=140
[2025.08.26-02.59.03:281][  0]LogShaderLibrary: Display: ShaderCodeLibraryPakFileMountedCallback: PakFile 'F:/epic/UE_4.27/FeaturePacks/TP_Vehicle.upack' (chunk index -1, root 'root:/') mounted
[2025.08.26-02.59.03:281][  0]LogShaderLibrary: Display: ShaderCodeLibraryPakFileMountedCallback: pending pak file info (ChunkID:-1 Root:root:/ File:F:/epic/UE_4.27/FeaturePacks/TP_Vehicle.upack)
[2025.08.26-02.59.03:281][  0]LogPakFile: OnPakFileMounted2Time == 0.000147
[2025.08.26-02.59.03:282][  0]LogPakFile: PakFile PrimaryIndexSize=186
[2025.08.26-02.59.03:282][  0]LogPakFile: PakFile PathHashIndexSize=101
[2025.08.26-02.59.03:282][  0]LogPakFile: PakFile FullDirectoryIndexSize=146
[2025.08.26-02.59.03:282][  0]LogShaderLibrary: Display: ShaderCodeLibraryPakFileMountedCallback: PakFile 'F:/epic/UE_4.27/FeaturePacks/TP_VehicleAdv.upack' (chunk index -1, root 'root:/') mounted
[2025.08.26-02.59.03:282][  0]LogShaderLibrary: Display: ShaderCodeLibraryPakFileMountedCallback: pending pak file info (ChunkID:-1 Root:root:/ File:F:/epic/UE_4.27/FeaturePacks/TP_VehicleAdv.upack)
[2025.08.26-02.59.03:282][  0]LogPakFile: OnPakFileMounted2Time == 0.000131
[2025.08.26-02.59.03:283][  0]LogPakFile: PakFile PrimaryIndexSize=188
[2025.08.26-02.59.03:283][  0]LogPakFile: PakFile PathHashIndexSize=101
[2025.08.26-02.59.03:283][  0]LogPakFile: PakFile FullDirectoryIndexSize=150
[2025.08.26-02.59.03:283][  0]LogShaderLibrary: Display: ShaderCodeLibraryPakFileMountedCallback: PakFile 'F:/epic/UE_4.27/FeaturePacks/TP_VehicleAdvBP.upack' (chunk index -1, root 'root:/') mounted
[2025.08.26-02.59.03:283][  0]LogShaderLibrary: Display: ShaderCodeLibraryPakFileMountedCallback: pending pak file info (ChunkID:-1 Root:root:/ File:F:/epic/UE_4.27/FeaturePacks/TP_VehicleAdvBP.upack)
[2025.08.26-02.59.03:283][  0]LogPakFile: OnPakFileMounted2Time == 0.000150
[2025.08.26-02.59.03:284][  0]LogPakFile: PakFile PrimaryIndexSize=185
[2025.08.26-02.59.03:284][  0]LogPakFile: PakFile PathHashIndexSize=101
[2025.08.26-02.59.03:284][  0]LogPakFile: PakFile FullDirectoryIndexSize=144
[2025.08.26-02.59.03:284][  0]LogShaderLibrary: Display: ShaderCodeLibraryPakFileMountedCallback: PakFile 'F:/epic/UE_4.27/FeaturePacks/TP_VehicleBP.upack' (chunk index -1, root 'root:/') mounted
[2025.08.26-02.59.03:284][  0]LogShaderLibrary: Display: ShaderCodeLibraryPakFileMountedCallback: pending pak file info (ChunkID:-1 Root:root:/ File:F:/epic/UE_4.27/FeaturePacks/TP_VehicleBP.upack)
[2025.08.26-02.59.03:284][  0]LogPakFile: OnPakFileMounted2Time == 0.000135
[2025.08.26-02.59.03:285][  0]LogPakFile: PakFile PrimaryIndexSize=192
[2025.08.26-02.59.03:285][  0]LogPakFile: PakFile PathHashIndexSize=101
[2025.08.26-02.59.03:285][  0]LogPakFile: PakFile FullDirectoryIndexSize=158
[2025.08.26-02.59.03:285][  0]LogShaderLibrary: Display: ShaderCodeLibraryPakFileMountedCallback: PakFile 'F:/epic/UE_4.27/FeaturePacks/TP_VirtualRealityBP.upack' (chunk index -1, root 'root:/') mounted
[2025.08.26-02.59.03:285][  0]LogShaderLibrary: Display: ShaderCodeLibraryPakFileMountedCallback: pending pak file info (ChunkID:-1 Root:root:/ File:F:/epic/UE_4.27/FeaturePacks/TP_VirtualRealityBP.upack)
[2025.08.26-02.59.03:285][  0]LogPakFile: OnPakFileMounted2Time == 0.000152
[2025.08.26-02.59.03:335][  0]LogNativeClassHierarchy: Verbose: Native class hierarchy updated for 'AddContentDialog' in 0.0002 seconds. Added 0 classes and 0 folders.
[2025.08.26-02.59.03:336][  0]LogNativeClassHierarchy: Verbose: Native class hierarchy updated for 'SceneOutliner' in 0.0002 seconds. Added 2 classes and 0 folders.
[2025.08.26-02.59.03:417][  0]LogSlate: Took 0.000308 seconds to synchronously load lazily loaded font '../../../Engine/Content/Slate/Fonts/Roboto-Regular.ttf' (155K)
[2025.08.26-02.59.03:418][  0]LogSlate: Took 0.000170 seconds to synchronously load lazily loaded font '../../../Engine/Content/Editor/Slate/Fonts/FontAwesome.ttf' (139K)
[2025.08.26-02.59.03:420][  0]LogSlate: Took 0.000191 seconds to synchronously load lazily loaded font '../../../Engine/Content/Slate/Fonts/Roboto-Bold.ttf' (160K)
[2025.08.26-02.59.03:476][  0]LogRenderer: Reallocating scene render targets to support 760x460 Format 10 NumSamples 1 (Frame:1).
[2025.08.26-02.59.03:820][  0]LogSlate: Took 0.000262 seconds to synchronously load lazily loaded font '../../../Engine/Content/Slate/Fonts/Roboto-Light.ttf' (167K)
[2025.08.26-02.59.03:865][  0]LogNativeClassHierarchy: Verbose: Native class hierarchy updated for 'HierarchicalLODOutliner' in 0.0002 seconds. Added 0 classes and 0 folders.
[2025.08.26-02.59.03:865][  0]LogLoad: (Engine Initialization) Total time: 8.59 seconds
[2025.08.26-02.59.03:866][  0]LogLoad: (Engine Initialization) Total Blueprint compile time: 0.00 seconds
[2025.08.26-02.59.03:910][  0]LogAssetRegistry: Asset discovery search completed in 4.7727 seconds
[2025.08.26-02.59.03:914][  0]LogCollectionManager: Fixed up redirectors for 0 collections in 0.000004 seconds (updated 0 objects)
[2025.08.26-02.59.03:915][  0]LogContentStreaming: Texture pool size now 1000 MB
[2025.08.26-02.59.04:894][ 57]LogSlate: Took 0.000309 seconds to synchronously load lazily loaded font '../../../Engine/Content/Slate/Fonts/Roboto-Light.ttf' (167K)
[2025.08.26-02.59.07:644][148]LogTemp: Repeating last play command: Selected Viewport
[2025.08.26-02.59.07:650][148]LogPlayLevel: PlayLevel: No blueprints needed recompiling
[2025.08.26-02.59.07:651][148]PIE: New page: PIE session: M_Debug (2025年8月26日 下午6:59:07)
[2025.08.26-02.59.07:653][148]LogOnline: OSS: Creating online subsystem instance for: NULL
[2025.08.26-02.59.07:657][148]LogOnline: OSS: TryLoadSubsystemAndSetDefault: Loaded subsystem for module [NULL]
[2025.08.26-02.59.07:657][148]LogPlayLevel: Creating play world package: /Game/Maps/UEDPIE_0_M_Debug
[2025.08.26-02.59.07:660][148]LogPlayLevel: PIE: StaticDuplicateObject took: (0.002339s)
[2025.08.26-02.59.07:661][148]LogAIModule: Creating AISystem for world M_Debug
[2025.08.26-02.59.07:661][148]LogPlayLevel: PIE: World Init took: (0.001087s)
[2025.08.26-02.59.07:661][148]LogPlayLevel: PIE: Created PIE world by copying editor world from /Game/Maps/M_Debug.M_Debug to /Game/Maps/UEDPIE_0_M_Debug.M_Debug (0.003963s)
[2025.08.26-02.59.07:665][148]LogUObjectHash: Compacting FUObjectHashTables data took   0.44ms
[2025.08.26-02.59.07:667][148]LogAudio: Display: Creating Audio Device:                 Id: 2, Scope: Unique, Realtime: True
[2025.08.26-02.59.07:667][148]LogAudioMixer: Display: Audio Mixer Platform Settings:
[2025.08.26-02.59.07:667][148]LogAudioMixer: Display: 	Sample Rate:						  48000
[2025.08.26-02.59.07:667][148]LogAudioMixer: Display: 	Callback Buffer Frame Size Requested: 1024
[2025.08.26-02.59.07:667][148]LogAudioMixer: Display: 	Callback Buffer Frame Size To Use:	  1024
[2025.08.26-02.59.07:667][148]LogAudioMixer: Display: 	Number of buffers to queue:			  2
[2025.08.26-02.59.07:667][148]LogAudioMixer: Display: 	Max Channels (voices):				  32
[2025.08.26-02.59.07:667][148]LogAudioMixer: Display: 	Number of Async Source Workers:		  0
[2025.08.26-02.59.07:668][148]LogAudio: Display: AudioDevice MaxSources: 32
[2025.08.26-02.59.07:668][148]LogAudio: Display: Audio Spatialization Plugin: None (built-in).
[2025.08.26-02.59.07:668][148]LogAudio: Display: Audio Reverb Plugin: None (built-in).
[2025.08.26-02.59.07:668][148]LogAudio: Display: Audio Occlusion Plugin: None (built-in).
[2025.08.26-02.59.07:668][148]LogAudioMixer: Display: Initializing audio mixer.
[2025.08.26-02.59.07:672][148]LogAudioMixer: Display: 0: FrontLeft
[2025.08.26-02.59.07:672][148]LogAudioMixer: Display: 1: FrontRight
[2025.08.26-02.59.07:763][148]LogAudioMixer: Display: Using Audio Device 扬声器 (Realtek(R) Audio)
[2025.08.26-02.59.07:763][148]LogAudioMixer: Display: Initializing Sound Submixes...
[2025.08.26-02.59.07:763][148]LogAudioMixer: Display: Creating Master Submix 'MasterSubmixDefault'
[2025.08.26-02.59.07:763][148]LogAudioMixer: Display: Creating Master Submix 'MasterReverbSubmixDefault'
[2025.08.26-02.59.07:764][148]LogAudioMixer: Display: Creating Master Submix 'MasterEQSubmixDefault'
[2025.08.26-02.59.07:764][148]LogAudioMixer: FMixerPlatformXAudio2::StartAudioStream() called
[2025.08.26-02.59.07:764][148]LogAudioMixer: Display: Output buffers initialized: Frames=1024, Channels=2, Samples=2048
[2025.08.26-02.59.07:765][148]LogAudioMixer: Display: Starting AudioMixerPlatformInterface::RunInternal()
[2025.08.26-02.59.07:766][148]LogAudioMixer: Display: FMixerPlatformXAudio2::SubmitBuffer() called for the first time
[2025.08.26-02.59.07:766][148]LogInit: FAudioDevice initialized.
[2025.08.26-02.59.07:766][148]LogAudio: Display: Audio Device (ID: 2) registered with world 'M_Debug'.
[2025.08.26-02.59.07:772][148]LogLoad: Game class is 'GM_workdemoGameModeBase_C'
[2025.08.26-02.59.07:773][148]LogWorld: Bringing World /Game/Maps/UEDPIE_0_M_Debug.M_Debug up for play (max tick rate 60) at 2025.08.26-10.59.07
[2025.08.26-02.59.07:774][148]LogWorld: Bringing up level for play took: 0.001002
[2025.08.26-02.59.07:774][148]LogOnline: OSS: Creating online subsystem instance for: :Context_1
[2025.08.26-02.59.07:779][148]LogNativeClassHierarchy: Verbose: Native class hierarchy updated for 'MovieSceneCapture' in 0.0002 seconds. Added 20 classes and 0 folders.
[2025.08.26-02.59.07:780][148]LogTemp: Warning: No animation class defined on 'Animation', cannot create instance.
[2025.08.26-02.59.07:780][148]PIE: Server logged in
[2025.08.26-02.59.07:781][148]PIE: Play in editor total start time 0.132 seconds.
